******************************************************************************
                  TI ARM Linker PC v15.12.4                    
******************************************************************************
>> Linked Sat Mar 11 21:48:24 2017

OUTPUT FILE NAME:   <Mobile Robot.out>
ENTRY POINT SYMBOL: "_c_int00"  address: 000065e5


MEMORY CONFIGURATION

         name            origin    length      used     unused   attr    fill
----------------------  --------  ---------  --------  --------  ----  --------
  MAIN                  00000000   00040000  0000c542  00033abe  R  X
  INFO                  00200000   00004000  00000000  00004000  R  X
  SRAM_CODE             01000000   00010000  00000000  00010000  RW X
  SRAM_DATA             20000000   00010000  0000981b  000067e5  RW  


SEGMENT ALLOCATION MAP

run origin  load origin   length   init length attrs members
----------  ----------- ---------- ----------- ----- -------
00000000    00000000    0000c54c   0000c54c    r-x
  00000000    00000000    0000003c   0000003c    r-- .resetVecs
  00000040    00000040    00009c32   00009c32    r-x .text
  00009c74    00009c74    000022b0   000022b0    r-- .const
  0000bf28    0000bf28    00000624   00000624    r-- .cinit
20000000    20000000    00000140   00000000    rw-
  20000000    20000000    00000140   00000000    rw- .vecs
20000200    20000200    000076dd   00000000    rw-
  20000200    20000200    00006f62   00000000    rw- .bss
  20007164    20007164    00000779   00000000    rw- .data
2000e000    2000e000    00002000   00000000    rw-
  2000e000    2000e000    00002000   00000000    rw- .stack


SECTION ALLOCATION MAP

 output                                  attributes/
section   page    origin      length       input sections
--------  ----  ----------  ----------   ----------------
.text      0    00000040    00009c32     
                  00000040    00000430     sysbios.aem4f : BIOS.obj (.text:ti_sysbios_family_arm_m3_Hwi_excDumpRegs__I)
                  00000470    0000039a     cc3x00_host_driver.aem4f : driver.oem4f (.text:_SlDrvMsgRead)
                  0000080a    00000002     drivers_wifi_MSP432P401R.aem4f : WiFiCC3100.oem4f (.text:CC3X00_NWP_enablePreamble)
                  0000080c    0000034c     ti.targets.arm.rtsarm.aem4f : System.oem4f (.text:xdc_runtime_System_doPrint__I)
                  00000b58    00000324     rtsv7M4_T_le_v4SPD16_eabi.lib : trgdrv.obj (.text)
                  00000e7c    00000264     drivers_MSP432P401R.aem4f : PowerMSP432.oem4f (.text:Power_sleep)
                  000010e0    00000260                               : UARTMSP432.oem4f (.text:UARTMSP432_open)
                  00001340    000001a0     msp432p4xx_driverlib.lib : pcm.o (.text:__PCM_setPowerStateAdvanced)
                  000014e0    00000198     sockets.obj (.text:socketsStartUp)
                  00001678    00000184     MRobot.obj (.text:ReadAllRegisters)
                  000017fc    0000017c     drivers_MSP432P401R.aem4f : SPIMSP432DMA.oem4f (.text:SPIMSP432DMA_open)
                  00001978    0000017c     MRobot.obj (.text:sendRequest)
                  00001af4    00000004     msp432p4xx_driverlib.lib : cpu.o (.text:CPU_wfi)
                  00001af8    00000174     sysbios.aem4f : BIOS.obj (.text:ti_sysbios_family_arm_m3_Hwi_excBusFault__I)
                  00001c6c    00000004     msp432p4xx_driverlib.lib : spi.o (.text:EUSCI_A_SPI_getReceiveBufferAddressForDMA)
                  00001c70    00000164     sysbios.aem4f : BIOS.obj (.text:ti_sysbios_family_arm_m3_Hwi_excUsageFault__I)
                  00001dd4    00000150     cc3x00_host_driver.aem4f : driver.oem4f (.text:_SlDrvRxHdrRead)
                  00001f24    00000004     msp432p4xx_driverlib.lib : spi.o (.text:EUSCI_A_SPI_getTransmitBufferAddressForDMA)
                  00001f28    00000148     sysbios.aem4f : BIOS.obj (.text:ti_sysbios_family_arm_m3_Hwi_excMemFault__I)
                  00002070    00000140     drivers_MSP432P401R.aem4f : GPIOMSP432.oem4f (.text:GPIO_setConfig)
                  000021b0    00000138     sysbios.aem4f : BIOS.obj (.text:ti_sysbios_knl_Semaphore_pend__E)
                  000022e8    0000012c     sockets.obj (.text:setStationMode)
                  00002414    00000120     MRobot.obj (.text:WriteAllRegisters)
                  00002534    00000118     cc3x00_host_driver.aem4f : driver.oem4f (.text:_SlDrvMsgWrite)
                  0000264c    00000118     ti.targets.arm.rtsarm.aem4f : Error.oem4f (.text:xdc_runtime_Error_policyDefault__E)
                  00002764    00000114     MRobot.obj (.text:main)
                  00002878    0000010c     sysbios.aem4f : BIOS.obj (.text:ti_sysbios_family_arm_m3_Hwi_excFillContext__I)
                  00002984    00000004     msp432p4xx_driverlib.lib : spi.o (.text:EUSCI_B_SPI_getReceiveBufferAddressForDMA)
                  00002988    0000010c     sysbios.aem4f : BIOS.obj (.text:ti_sysbios_family_arm_m3_Hwi_excHandlerMax__I)
                  00002a94    00000108     MRobot.obj (.text:tcpTask)
                  00002b9c    00000100     ti.targets.arm.rtsarm.aem4f : Core-mem.oem4f (.text:xdc_runtime_Core_createObject__I)
                  00002c9c    000000f8                                 : Startup.oem4f (.text:xdc_runtime_Startup_startMods__I)
                  00002d94    000000f8     MRobot_pem4f.oem4f (.text:xdc_runtime_System_printfExtend__I)
                  00002e8c    000000f0     drivers_MSP432P401R.aem4f : PowerMSP432.oem4f (.text:initPerfControl)
                  00002f7c    000000ec     cc3x00_host_driver.aem4f : driver.oem4f (.text:_SlDrvDriverCBInit)
                  00003068    000000ec     sysbios.aem4f : m3_Hwi_asm.obj (.text:ti_sysbios_family_arm_m3_Hwi_dispatch__I)
                  00003154    000000e0     msp432p4xx_driverlib.lib : cs.o (.text:CS_initClockSignal)
                  00003234    000000dc                              : pcm.o (.text:__PCM_setPowerModeAdvanced)
                  00003310    000000dc     cc3x00_host_driver.aem4f : socket.oem4f (.text:sl_Accept)
                  000033ec    00000004     msp432p4xx_driverlib.lib : spi.o (.text:EUSCI_B_SPI_getTransmitBufferAddressForDMA)
                  000033f0    000000d4     sysbios.aem4f : BIOS.obj (.text:ti_sysbios_knl_Mailbox_Instance_init__E)
                  000034c4    000000d0     cc3x00_host_driver.aem4f : driver.oem4f (.text:_SlDrvWaitForPoolObj)
                  00003594    000000cc     msp432p4xx_driverlib.lib : dma.o (.text:DMA_assignChannel)
                  00003660    000000cc     sysbios.aem4f : BIOS.obj (.text:ti_sysbios_heaps_HeapMem_alloc__E)
                  0000372c    00000004     tirtosport.aem4f : HwiP_tirtos.oem4f (.text:HwiP_disable)
                  00003730    000000cc     sysbios.aem4f : BIOS.obj (.text:ti_sysbios_knl_Task_Instance_init__E)
                  000037fc    000000cc     ti.targets.arm.rtsarm.aem4f : Core-smem.oem4f (.text:xdc_runtime_Core_constructObject__I)
                  000038c8    000000c8     cc3x00_host_driver.aem4f : driver.oem4f (.text:_SlDrvReleasePoolObj)
                  00003990    000000c0     sysbios.aem4f : BIOS.obj (.text:ti_sysbios_knl_Task_sleep__E)
                  00003a50    000000bc                   : BIOS.obj (.text:ti_sysbios_family_arm_m3_Hwi_excDebugMon__I)
                  00003b0c    00000004     drivers_MSP432P401R.aem4f : List.oem4f (.text:List_head)
                  00003b10    000000bc     sysbios.aem4f : BIOS.obj (.text:ti_sysbios_family_arm_m3_Hwi_excHardFault__I)
                  00003bcc    00000004     drivers_MSP432P401R.aem4f : List.oem4f (.text:List_next)
                  00003bd0    000000bc     sysbios.aem4f : BIOS.obj (.text:ti_sysbios_knl_Task_Instance_finalize__E)
                  00003c8c    000000b4     cc3x00_host_driver.aem4f : netapp.oem4f (.text:_SlDrvNetAppEventHandler)
                  00003d40    000000b4     drivers_MSP432P401R.aem4f : SPIMSP432DMA.oem4f (.text:configDMA)
                  00003df4    00000004                               : PowerMSP432.oem4f (.text:PowerMSP432_getNumPerfLevels)
                  00003df8    000000b4     sysbios.aem4f : BIOS.obj (.text:ti_sysbios_knl_Task_checkStacks__E)
                  00003eac    000000b0     drivers_MSP432P401R.aem4f : UARTMSP432.oem4f (.text:UARTMSP432_readPolling)
                  00003f5c    000000b0     msp432p4xx_driverlib.lib : pcm.o (.text:__PCM_setCoreVoltageLevelAdvanced)
                  0000400c    000000ac     cc3x00_host_driver.aem4f : driver.oem4f (.text:_SlDrvDataWriteOp)
                  000040b8    000000a8     sysbios.aem4f : BIOS.obj (.text:ti_sysbios_family_arm_msp432_Timer_periodicStub__E)
                  00004160    000000a4     drivers_MSP432P401R.aem4f : UARTMSP432.oem4f (.text:UARTMSP432_control)
                  00004204    000000a4     cc3x00_host_driver.aem4f : socket.oem4f (.text:sl_Send)
                  000042a8    000000a0     auto_init.aem4f : auto_init.oem4f (.text)
                  00004348    000000a0     ti.targets.arm.rtsarm.aem4f : Text.oem4f (.text:xdc_runtime_Text_putMod__E)
                  000043e8    0000009c     drivers_MSP432P401R.aem4f : UARTMSP432.oem4f (.text:readTaskBlocking)
                  00004484    0000009c     rtsv7M4_T_le_v4SPD16_eabi.lib : memcpy_t2.obj (.text)
                  00004520    0000009a     ti.targets.arm.rtsarm.aem4f : Text.oem4f (.text:xdc_runtime_Text_putSite__E)
                  000045ba    00000002     power_tirtos_MSP432P401R.aem4f : PowerMSP432_tirtos.oem4f (.text:PowerMSP432_initPolicy)
                  000045bc    00000098     cc3x00_host_driver.aem4f : driver.oem4f (.text:_SlDrvMsgReadCmdCtx)
                  00004654    00000098                              : device.oem4f (.text:sl_Stop)
                  000046ec    00000004     drivers_wifi_MSP432P401R.aem4f : osi_tirtos.oem4f (.text:mem_Malloc)
                  000046f0    00000098     sysbios.aem4f : BIOS.obj (.text:ti_sysbios_heaps_HeapTrack_alloc__E)
                  00004788    00000094     msp432p4xx_driverlib.lib : uart.o (.text:UART_initModule)
                  0000481c    00000094     cc3x00_host_driver.aem4f : driver.oem4f (.text:_SlFindAndSetActiveObj)
                  000048b0    00000094     sysbios.aem4f : BIOS.obj (.text:ti_sysbios_family_arm_m3_Hwi_Instance_init__E)
                  00004944    00000004     MRobot_pem4f.oem4f (.text:ti_sysbios_BIOS_RtsGateProxy_enter__E)
                  00004948    00000094     sysbios.aem4f : BIOS.obj (.text:ti_sysbios_family_arm_m3_Hwi_initNVIC__E)
                  000049dc    00000090     cc3x00_host_driver.aem4f : driver.oem4f (.text:_SlDrvDriverCBDeinit)
                  00004a6c    00000090                              : device.oem4f (.text:sl_Start)
                  00004afc    0000008c     drivers_wifi_MSP432P401R.aem4f : WiFiCC3100.oem4f (.text:WiFiCC3100_open)
                  00004b88    0000008c     sysbios.aem4f : m3_TaskSupport_asm.obj (.text:ti_sysbios_family_arm_m3_TaskSupport_buildTaskStack)
                  00004c14    00000004     MRobot_pem4f.oem4f (.text:ti_sysbios_BIOS_RtsGateProxy_leave__E)
                  00004c18    0000008c     sysbios.aem4f : BIOS.obj (.text:ti_sysbios_knl_Task_postInit__I)
                  00004ca4    0000008a     drivers_MSP432P401R.aem4f : UARTMSP432.oem4f (.text:UARTMSP432_close)
                  00004d2e    00000088     msp432p4xx_driverlib.lib : spi.o (.text:SPI_initMaster)
                  00004db6    00000002     drivers_MSP432P401R.aem4f : SPIMSP432DMA.oem4f (.text:SPIMSP432DMA_serviceISR)
                  00004db8    00000088     sysbios.aem4f : BIOS.obj (.text:ti_sysbios_knl_Mailbox_post__E)
                  00004e40    00000086     MSP_EXP432P401R.obj (.text:MSP_EXP432P401R_initWiFi)
                  00004ec6    00000002     sockets.obj (.text:SimpleLinkHttpServerCallback)
                  00004ec8    00000084     drivers_MSP432P401R.aem4f : UARTMSP432.oem4f (.text:initHw)
                  00004f4c    00000004     MRobot_pem4f.oem4f (.text:ti_sysbios_family_arm_m3_Hwi_destruct)
                  00004f50    00000084     sysbios.aem4f : BIOS.obj (.text:ti_sysbios_family_arm_m3_Hwi_postInit__I)
                  00004fd4    00000084     drivers_MSP432P401R.aem4f : UARTMSP432.oem4f (.text:writeData)
                  00005058    00000082                               : UARTMSP432.oem4f (.text:readIsrTextCallback)
                  000050da    00000002     sockets.obj (.text:SimpleLinkSockEventHandler)
                  000050dc    00000080     msp432p4xx_driverlib.lib : dma.o (.text:DMA_setChannelTransfer)
                  0000515c    00000080     MRobot.obj (.text:SPI_DRV8711_ReadWrite)
                  000051dc    0000007c     msp432p4xx_driverlib.lib : pcm.o (.text:PCM_gotoLPM3)
                  00005258    0000007c     cc3x00_host_driver.aem4f : netcfg.oem4f (.text:sl_NetCfgGet)
                  000052d4    00000004     MRobot_pem4f.oem4f (.text:ti_sysbios_family_arm_m3_TaskSupport_Module__startupDone__S)
                  000052d8    0000007c     sysbios.aem4f : BIOS.obj (.text:ti_sysbios_heaps_HeapMem_free__E)
                  00005354    0000007a     drivers_MSP432P401R.aem4f : UARTMSP432.oem4f (.text:UARTMSP432_write)
                  000053ce    0000007a                               : UARTMSP432.oem4f (.text:readTaskCallback)
                  00005448    0000007a     rtsv7M4_T_le_v4SPD16_eabi.lib : memset_t2.obj (.text)
                  000054c2    00000002                                   : i_div0.obj (.text)
                  000054c4    00000078     drivers_wifi_MSP432P401R.aem4f : osi_tirtos.oem4f (.text:VStartSimpleLinkSpawnTask)
                  0000553c    00000074     cc3x00_host_driver.aem4f : driver.oem4f (.text:_SlDrvClassifyRxMsg)
                  000055b0    00000074     drivers_MSP432P401R.aem4f : UARTMSP432.oem4f (.text:readIsrTextBlocking)
                  00005624    00000004     MRobot_pem4f.oem4f (.text:ti_sysbios_heaps_HeapMem_Module_GateProxy_enter__E)
                  00005628    00000074     sysbios.aem4f : BIOS.obj (.text:ti_sysbios_knl_Mailbox_pend__E)
                  0000569c    00000070     cc3x00_host_driver.aem4f : driver.oem4f (.text:_SlDrvCmdOp)
                  0000570c    00000070                              : wlan.oem4f (.text:sl_WlanSmartConfigStart)
                  0000577c    00000004     MRobot_pem4f.oem4f (.text:ti_sysbios_heaps_HeapMem_Module_GateProxy_leave__E)
                  00005780    00000070     sysbios.aem4f : BIOS.obj (.text:ti_sysbios_knl_Mailbox_Instance_finalize__E)
                  000057f0    00000070                   : BIOS.obj (.text:ti_sysbios_knl_Semaphore_post__E)
                  00005860    0000006d     ti.targets.arm.rtsarm.aem4f : System.oem4f (.text:xdc_runtime_System_formatNum__I)
                  000058cd    00000001     --HOLE-- [fill = 0]
                  000058ce    00000002     MRobot_pem4f.oem4f (.text:ti_sysbios_BIOS_nullFunc__I)
                  000058d0    0000006c     cc3x00_host_driver.aem4f : driver.oem4f (.text:_SlDrvMsgReadSpawnCtx)
                  0000593c    00000004     MRobot_pem4f.oem4f (.text:ti_sysbios_knl_Clock_TimerProxy_getMaxTicks__E)
                  00005940    0000006c     sysbios.aem4f : BIOS.obj (.text:ti_sysbios_knl_Clock_workFunc__E)
                  000059ac    00000004     MRobot_pem4f.oem4f (.text:ti_sysbios_knl_Clock_destruct)
                  000059b0    0000006c     sysbios.aem4f : BIOS.obj (.text:ti_sysbios_knl_Swi_restoreHwi__E)
                  00005a1c    00000004     MRobot_pem4f.oem4f (.text:ti_sysbios_knl_Mailbox_delete)
                  00005a20    0000006c     sysbios.aem4f : BIOS.obj (.text:ti_sysbios_knl_Task_exit__E)
                  00005a8c    0000006c     ti.targets.arm.rtsarm.aem4f : Error.oem4f (.text:xdc_runtime_Error_print__E)
                  00005af8    0000006c                                 : Memory.oem4f (.text:xdc_runtime_Memory_alloc__E)
                  00005b64    0000006a     rtsv7M4_T_le_v4SPD16_eabi.lib : copy_decompress_rle.obj (.text)
                  00005bce    00000002     --HOLE-- [fill = 0]
                  00005bd0    00000068                                   : trgmsg.obj (.text)
                  00005c38    00000066     ti.targets.arm.rtsarm.aem4f : Core-mem.oem4f (.text:xdc_runtime_Core_deleteObject__I)
                  00005c9e    00000064     drivers_MSP432P401R.aem4f : UARTMSP432.oem4f (.text:UARTMSP432_writePolling)
                  00005d02    00000002     --HOLE-- [fill = 0]
                  00005d04    00000064     cc3x00_host_driver.aem4f : netapp.oem4f (.text:_sl_HandleAsync_DnsGetHostByName)
                  00005d68    00000064     drivers_wifi_MSP432P401R.aem4f : WiFiCC3100.oem4f (.text:spi_Read)
                  00005dcc    00000064                                    : WiFiCC3100.oem4f (.text:spi_Write)
                  00005e30    00000064     sysbios.aem4f : BIOS.obj (.text:ti_sysbios_family_arm_m3_Hwi_dispatchC__I)
                  00005e94    00000064     MRobot_pem4f.oem4f (.text:ti_sysbios_knl_Mailbox_create)
                  00005ef8    00000062     tirtosport.aem4f : HwiP_tirtos.oem4f (.text:HwiP_create)
                  00005f5a    00000002     --HOLE-- [fill = 0]
                  00005f5c    00000060     cc3x00_host_driver.aem4f : netapp.oem4f (.text:_sl_HandleAsync_DnsGetHostByService)
                  00005fbc    00000060                              : device.oem4f (.text:_sl_HandleAsync_InitComplete)
                  0000601c    00000060                              : netapp.oem4f (.text:_sl_HandleAsync_PingResponse)
                  0000607c    00000004     MRobot_pem4f.oem4f (.text:ti_sysbios_knl_Queue_destruct)
                  00006080    00000060     sysbios.aem4f : BIOS.obj (.text:ti_sysbios_family_arm_msp432_Timer_Module_startup__E)
                  000060e0    00000060                   : BIOS.obj (.text:ti_sysbios_knl_Task_schedule__I)
                  00006140    0000005c     drivers_MSP432P401R.aem4f : GPIOMSP432.oem4f (.text:GPIO_init)
                  0000619c    00000004     MRobot_pem4f.oem4f (.text:ti_sysbios_knl_Semaphore_delete)
                  000061a0    0000005c     sysbios.aem4f : BIOS.obj (.text:ti_sysbios_knl_Swi_run__I)
                  000061fc    00000004     MRobot_pem4f.oem4f (.text:ti_sysbios_knl_Semaphore_destruct)
                  00006200    0000005c     sysbios.aem4f : BIOS.obj (.text:ti_sysbios_knl_Swi_schedule__I)
                  0000625c    00000004     MRobot_pem4f.oem4f (.text:ti_sysbios_knl_Task_delete)
                  00006260    0000005c     sysbios.aem4f : BIOS.obj (.text:ti_sysbios_knl_Task_Module_startup__E)
                  000062bc    0000005c     MRobot_pem4f.oem4f (.text:ti_sysbios_knl_Task_create)
                  00006318    0000005c     sysbios.aem4f : BIOS.obj (.text:ti_sysbios_knl_Task_startCore__E)
                  00006374    0000005b     ti.targets.arm.rtsarm.aem4f : Text.oem4f (.text:xdc_runtime_Text_putLab__E)
                  000063cf    00000001     --HOLE-- [fill = 0]
                  000063d0    0000005a     tirtosport.aem4f : ClockP_tirtos.oem4f (.text:ClockP_create)
                  0000642a    0000005a     drivers_MSP432P401R.aem4f : SPIMSP432DMA.oem4f (.text:SPIMSP432DMA_close)
                  00006484    00000058                               : SPIMSP432DMA.oem4f (.text:SPIMSP432DMA_transfer)
                  000064dc    00000058     tirtosport.aem4f : SemaphoreP_tirtos.oem4f (.text:SemaphoreP_create)
                  00006534    00000058     cc3x00_host_driver.aem4f : driver.oem4f (.text:_SlDrvCmdSend)
                  0000658c    00000058                              : netapp.oem4f (.text:_sl_NetAppSendTokenValue)
                  000065e4    00000058     boot.aem4f : boot.oem4f (.text)
                  0000663c    00000058     cc3x00_host_driver.aem4f : socket.oem4f (.text:sl_Bind)
                  00006694    00000058     MRobot_pem4f.oem4f (.text:ti_sysbios_family_arm_m3_Hwi_construct)
                  000066ec    00000058     sysbios.aem4f : m3_Hwi_asm_switch.obj (.text:ti_sysbios_family_arm_m3_Hwi_initStacks__E)
                  00006744    00000004     ti.targets.arm.rtsarm.aem4f : Error.oem4f (.text:xdc_runtime_Error_getSite__E)
                  00006748    00000058     sysbios.aem4f : BIOS.obj (.text:ti_sysbios_heaps_HeapTrack_free__E)
                  000067a0    00000054     drivers_MSP432P401R.aem4f : GPIOMSP432.oem4f (.text:GPIO_hwiIntFxn)
                  000067f4    00000054                               : GPIOMSP432.oem4f (.text:GPIO_setCallback)
                  00006848    00000054     rtsv7M4_T_le_v4SPD16_eabi.lib : exit.obj (.text)
                  0000689c    00000004     MRobot_pem4f.oem4f (.text:xdc_runtime_System_Module_GateProxy_enter__E)
                  000068a0    00000054     sysbios.aem4f : BIOS.obj (.text:ti_sysbios_family_arm_msp432_Timer_initDevice__I)
                  000068f4    00000004     MRobot_pem4f.oem4f (.text:xdc_runtime_System_Module_GateProxy_leave__E)
                  000068f8    00000054     sysbios.aem4f : BIOS.obj (.text:ti_sysbios_family_arm_msp432_init_Boot_configureClocksHigh)
                  0000694c    00000054     MRobot_pem4f.oem4f (.text:ti_sysbios_knl_Task_construct)
                  000069a0    00000054     ti.targets.arm.rtsarm.aem4f : Assert.oem4f (.text:xdc_runtime_Assert_raise__I)
                  000069f4    00000052     drivers_MSP432P401R.aem4f : UARTMSP432.oem4f (.text:UARTMSP432_writeCancel)
                  00006a46    00000002     --HOLE-- [fill = 0]
                  00006a48    00000050     MRobot.obj (.text:CRC16)
                  00006a98    00000050     drivers_MSP432P401R.aem4f : GPIOMSP432.oem4f (.text:GPIO_write)
                  00006ae8    00000050     msp432p4xx_driverlib.lib : pcm.o (.text:PCM_shutdownDevice)
                  00006b38    00000050     cc3x00_host_driver.aem4f : socket.oem4f (.text:_sl_HandleAsync_Connect)
                  00006b88    00000050                              : netcfg.oem4f (.text:sl_NetCfgSet)
                  00006bd8    00000050     sysbios.aem4f : BIOS.obj (.text:ti_sysbios_family_arm_m3_Hwi_Module_startup__E)
                  00006c28    00000050     ti.targets.arm.rtsarm.aem4f : Startup.oem4f (.text:xdc_runtime_Startup_exec__E)
                  00006c78    00000050                                 : Text.oem4f (.text:xdc_runtime_Text_visitRope2__I)
                  00006cc8    0000004c     MSP_EXP432P401R.obj (.text:MSP_EXP432P401R_initSPI)
                  00006d14    0000004c     drivers_MSP432P401R.aem4f : UDMAMSP432.oem4f (.text:UDMAMSP432_open)
                  00006d60    0000004c     cc3x00_host_driver.aem4f : device.oem4f (.text:_SlDrvDeviceEventHandler)
                  00006dac    0000004c                              : socket.oem4f (.text:_sl_HandleAsync_Accept)
                  00006df8    0000004c     rtsv7M4_T_le_v4SPD16_eabi.lib : cpy_tbl.obj (.text)
                  00006e44    00000004     ti.targets.arm.rtsarm.aem4f : System.oem4f (.text:xdc_runtime_System_aprintf_va__F)
                  00006e48    0000004c     sysbios.aem4f : BIOS.obj (.text:ti_sysbios_family_arm_msp432_Timer_start__E)
                  00006e94    00000004     ti.targets.arm.rtsarm.aem4f : System.oem4f (.text:xdc_runtime_System_printf_va__F)
                  00006e98    0000004c     sysbios.aem4f : BIOS.obj (.text:ti_sysbios_heaps_HeapMem_getStats__E)
                  00006ee4    00000004     --HOLE-- [fill = 0]
                  00006ee8    0000004c                   : BIOS.obj (.text:ti_sysbios_knl_Swi_runLoop__I)
                  00006f34    00000004     --HOLE-- [fill = 0]
                  00006f38    0000004c                   : BIOS.obj (.text:ti_sysbios_knl_Task_allBlockedFunction__I)
                  00006f84    0000004a     drivers_MSP432P401R.aem4f : SPIMSP432DMA.oem4f (.text:initHw)
                  00006fce    00000002     --HOLE-- [fill = 0]
                  00006fd0    00000048     msp432p4xx_driverlib.lib : dma.o (.text:DMA_assignInterrupt)
                  00007018    00000048     cc3x00_host_driver.aem4f : driver.oem4f (.text:_SlRemoveFromList)
                  00007060    00000048     sysbios.aem4f : BIOS.obj (.text:ti_sysbios_family_arm_m3_Hwi_disableInterrupt__E)
                  000070a8    00000048                   : BIOS.obj (.text:ti_sysbios_family_arm_m3_Hwi_enableInterrupt__E)
                  000070f0    00000048                   : BIOS.obj (.text:ti_sysbios_family_arm_m3_Hwi_excReserved__I)
                  00007138    00000048                   : BIOS.obj (.text:ti_sysbios_knl_Mailbox_Module_startup__E)
                  00007180    00000046     drivers_MSP432P401R.aem4f : RingBuf.oem4f (.text:RingBuf_put)
                  000071c6    00000046                               : UARTMSP432.oem4f (.text:readIsrBinaryBlocking)
                  0000720c    00000046     ti.targets.arm.rtsarm.aem4f : Core-params.oem4f (.text:xdc_runtime_Core_assignParams__I)
                  00007252    00000002     --HOLE-- [fill = 0]
                  00007254    00000044     drivers_MSP432P401R.aem4f : PowerMSP432.oem4f (.text:Power_init)
                  00007298    00000044     cc3x00_host_driver.aem4f : driver.oem4f (.text:_SlAsyncEventGenericHandler)
                  000072dc    00000044                              : wlan.oem4f (.text:sl_WlanPolicySet)
                  00007320    00000044     sysbios.aem4f : BIOS.obj (.text:ti_sysbios_family_arm_m3_Hwi_getStackInfo__E)
                  00007364    00000004     --HOLE-- [fill = 0]
                  00007368    00000044                   : BIOS.obj (.text:ti_sysbios_knl_Swi_post__E)
                  000073ac    00000044     ti.targets.arm.rtsarm.aem4f : Error.oem4f (.text:xdc_runtime_Error_setX__E)
                  000073f0    00000044                                 : SysMin.oem4f (.text:xdc_runtime_SysMin_flush__E)
                  00007434    00000044                                 : Text.oem4f (.text:xdc_runtime_Text_xprintf__I)
                  00007478    00000042     drivers_MSP432P401R.aem4f : UARTMSP432.oem4f (.text:UARTMSP432_hwiIntFxn)
                  000074ba    00000002     --HOLE-- [fill = 0]
                  000074bc    00000040     msp432p4xx_driverlib.lib : flash.o (.text:FlashCtl_disableReadBuffering)
                  000074fc    00000040     drivers_MSP432P401R.aem4f : RingBuf.oem4f (.text:RingBuf_get)
                  0000753c    00000040                               : UARTMSP432.oem4f (.text:UARTMSP432_read)
                  0000757c    00000040                               : UDMAMSP432.oem4f (.text:UDMAMSP432_init)
                  000075bc    00000040     cc3x00_host_driver.aem4f : driver.oem4f (.text:_SlDrvRxIrqHandler)
                  000075fc    00000040                              : socket.oem4f (.text:_sl_HandleAsync_Select)
                  0000763c    00000040     drivers_MSP432P401R.aem4f : PowerMSP432.oem4f (.text:notify)
                  0000767c    00000040     drivers_wifi_MSP432P401R.aem4f : osi_tirtos.oem4f (.text:osi_LockObjLock)
                  000076bc    00000040                                    : osi_tirtos.oem4f (.text:osi_SyncObjCreate)
                  000076fc    00000040                                    : osi_tirtos.oem4f (.text:osi_SyncObjWait)
                  0000773c    00000040     rtsv7M4_T_le_v4SPD16_eabi.lib : u_divt2.obj (.text)
                  0000777c    00000004     --HOLE-- [fill = 0]
                  00007780    00000040     sysbios.aem4f : BIOS.obj (.text:ti_sysbios_family_arm_msp432_Timer_startup__E)
                  000077c0    00000040                   : BIOS.obj (.text:ti_sysbios_heaps_HeapMem_Instance_init__E)
                  00007800    0000003c     msp432p4xx_driverlib.lib : dma.o (.text:DMA_enableInterrupt)
                  0000783c    0000003c     power_tirtos_MSP432P401R.aem4f : PowerMSP432_tirtos.oem4f (.text:PowerMSP432_sleepPolicy)
                  00007878    0000003c     drivers_MSP432P401R.aem4f : WiFi.oem4f (.text:WiFi_open)
                  000078b4    0000003c     cc3x00_host_driver.aem4f : device.oem4f (.text:_sl_HandleAsync_Stop)
                  000078f0    0000003c     sysbios.aem4f : BIOS.obj (.text:ti_sysbios_family_arm_m3_Hwi_excSvCall__I)
                  0000792c    00000004     --HOLE-- [fill = 0]
                  00007930    0000003c                   : BIOS.obj (.text:ti_sysbios_heaps_HeapMem_init__I)
                  0000796c    00000004     --HOLE-- [fill = 0]
                  00007970    0000003c                   : BIOS.obj (.text:ti_sysbios_knl_Clock_Instance_init__E)
                  000079ac    00000004     --HOLE-- [fill = 0]
                  000079b0    0000003c                   : BIOS.obj (.text:ti_sysbios_knl_Swi_restore__E)
                  000079ec    0000003a     drivers_MSP432P401R.aem4f : SPIMSP432DMA.oem4f (.text:SPIMSP432DMA_hwiFxn)
                  00007a26    0000003a                               : UARTMSP432.oem4f (.text:readIsrBinaryCallback)
                  00007a60    00000038                               : SPI.oem4f (.text:SPI_init)
                  00007a98    00000038                               : UART.oem4f (.text:UART_init)
                  00007ad0    00000038                               : WiFi.oem4f (.text:WiFi_init)
                  00007b08    00000038     drivers_wifi_MSP432P401R.aem4f : osi_tirtos.oem4f (.text:osi_LockObjCreate)
                  00007b40    00000038     cc3x00_host_driver.aem4f : socket.oem4f (.text:sl_Htonl)
                  00007b78    00000038     drivers_wifi_MSP432P401R.aem4f : WiFiCC3100.oem4f (.text:spi_Open)
                  00007bb0    00000038     sysbios.aem4f : BIOS.obj (.text:ti_sysbios_family_arm_m3_Hwi_excNoIsr__I)
                  00007be8    00000038     ti.targets.arm.rtsarm.aem4f : SysMin.oem4f (.text:xdc_runtime_SysMin_putch__E)
                  00007c20    00000038                                 : System.oem4f (.text:xdc_runtime_System_atexit__E)
                  00007c58    00000036     drivers_MSP432P401R.aem4f : UARTMSP432.oem4f (.text:UARTMSP432_readCancel)
                  00007c8e    00000036                               : UARTMSP432.oem4f (.text:perfChangeNotifyFxn)
                  00007cc4    00000034     msp432p4xx_driverlib.lib : flash.o (.text:FlashCtl_enableReadBuffering)
                  00007cf8    00000034     cc3x00_host_driver.aem4f : driver.oem4f (.text:_SlDrvBasicCmd)
                  00007d2c    00000034                              : driver.oem4f (.text:_SlDrvProtectAsyncRespSetting)
                  00007d60    00000034                              : socket.oem4f (.text:sl_Htons)
                  00007d94    00000004     --HOLE-- [fill = 0]
                  00007d98    00000034     sysbios.aem4f : BIOS.obj (.text:ti_sysbios_family_arm_m3_Hwi_Instance_finalize__E)
                  00007dcc    00000004     --HOLE-- [fill = 0]
                  00007dd0    00000034                   : BIOS.obj (.text:ti_sysbios_family_arm_m3_Hwi_excNmi__I)
                  00007e04    00000004     --HOLE-- [fill = 0]
                  00007e08    00000034                   : BIOS.obj (.text:ti_sysbios_hal_Hwi_checkStack)
                  00007e3c    00000034     MRobot_pem4f.oem4f (.text:ti_sysbios_knl_Clock_construct)
                  00007e70    00000034     MRobot_pem4f.oem4f (.text:ti_sysbios_knl_Semaphore_create)
                  00007ea4    00000034     ti.targets.arm.rtsarm.aem4f : Core-label.oem4f (.text:xdc_runtime_Core_assignLabel__I)
                  00007ed8    00000033                                 : Text.oem4f (.text:xdc_runtime_Text_printVisFxn__I)
                  00007f0b    00000001     --HOLE-- [fill = 0]
                  00007f0c    00000032     msp432p4xx_driverlib.lib : spi.o (.text:SPI_initSlave)
                  00007f3e    00000002     --HOLE-- [fill = 0]
                  00007f40    00000032     sysbios.aem4f : BIOS.obj (.text:ti_sysbios_hal_Hwi_initStack)
                  00007f72    00000002     --HOLE-- [fill = 0]
                  00007f74    00000030     msp432p4xx_driverlib.lib : gpio.o (.text:GPIO_getEnabledInterruptStatus)
                  00007fa4    00000030                              : gpio.o (.text:GPIO_setAsInputPinWithPullDownResistor)
                  00007fd4    00000030                              : gpio.o (.text:GPIO_setAsInputPinWithPullUpResistor)
                  00008004    00000030     drivers_MSP432P401R.aem4f : SPI.oem4f (.text:SPI_open)
                  00008034    00000030                               : UART.oem4f (.text:UART_open)
                  00008064    00000030     msp432p4xx_driverlib.lib : spi.o (.text:is_A_Module)
                  00008094    00000030     drivers_wifi_MSP432P401R.aem4f : WiFiCC3100.oem4f (.text:registerInterruptHandler)
                  000080c4    00000030     cc3x00_host_driver.aem4f : socket.oem4f (.text:sl_Socket)
                  000080f4    00000030     MRobot_pem4f.oem4f (.text:ti_sysbios_BIOS_atExitFunc__I)
                  00008124    00000030     MRobot_pem4f.oem4f (.text:ti_sysbios_BIOS_startFunc__I)
                  00008154    00000004     --HOLE-- [fill = 0]
                  00008158    00000030     sysbios.aem4f : BIOS.obj (.text:ti_sysbios_family_arm_m3_TaskSupport_start__E)
                  00008188    00000030                   : BIOS.obj (.text:ti_sysbios_family_arm_msp432_Timer_setPeriod__E)
                  000081b8    00000030     MRobot_pem4f.oem4f (.text:ti_sysbios_gates_GateHwi_Object__create__S)
                  000081e8    00000030     MRobot_pem4f.oem4f (.text:ti_sysbios_gates_GateMutex_Object__create__S)
                  00008218    00000030     sysbios.aem4f : BIOS.obj (.text:ti_sysbios_gates_GateMutex_enter__E)
                  00008248    00000030     MRobot_pem4f.oem4f (.text:ti_sysbios_heaps_HeapMem_Object__create__S)
                  00008278    00000030     MRobot_pem4f.oem4f (.text:ti_sysbios_heaps_HeapTrack_Object__create__S)
                  000082a8    00000030     sysbios.aem4f : BIOS.obj (.text:ti_sysbios_knl_Mailbox_postInit__I)
                  000082d8    00000030     MRobot_pem4f.oem4f (.text:ti_sysbios_knl_Semaphore_construct)
                  00008308    00000030     sysbios.aem4f : BIOS.obj (.text:ti_sysbios_knl_Semaphore_pendTimeout__I)
                  00008338    00000030                   : BIOS.obj (.text:ti_sysbios_knl_Task_processVitalTaskFlag__I)
                  00008368    00000030                   : BIOS.obj (.text:ti_sysbios_knl_Task_unblockI__E)
                  00008398    00000030     ti.targets.arm.rtsarm.aem4f : SysMin.oem4f (.text:xdc_runtime_SysMin_abort__E)
                  000083c8    00000030                                 : System.oem4f (.text:xdc_runtime_System_processAtExit__E)
                  000083f8    0000002e     sockets.obj (.text:SimpleLinkGeneralEventHandler)
                  00008426    0000002e     MRobot_pem4f.oem4f (.text:malloc)
                  00008454    0000002c     msp432p4xx_driverlib.lib : gpio.o (.text:GPIO_setAsInputPin)
                  00008480    0000002c     MSP_EXP432P401R.obj (.text:MSP_EXP432P401R_initUART)
                  000084ac    0000002c     msp432p4xx_driverlib.lib : pcm.o (.text:PCM_getCoreVoltageLevel)
                  000084d8    0000002c     power_tirtos_MSP432P401R.aem4f : PowerMSP432_tirtos.oem4f (.text:PowerMSP432_updateFreqs)
                  00008504    0000002c     drivers_MSP432P401R.aem4f : PowerMSP432.oem4f (.text:Power_releaseConstraint)
                  00008530    0000002c                               : PowerMSP432.oem4f (.text:Power_setConstraint)
                  0000855c    0000002c     MRobot_pem4f.oem4f (.text:ti_sysbios_knl_Clock_doTick__I)
                  00008588    0000002c     MRobot_pem4f.oem4f (.text:ti_sysbios_knl_Queue_construct)
                  000085b4    00000004     --HOLE-- [fill = 0]
                  000085b8    0000002c     sysbios.aem4f : BIOS.obj (.text:ti_sysbios_knl_Task_restore__E)
                  000085e4    0000002c     ti.targets.arm.rtsarm.aem4f : Text.oem4f (.text:xdc_runtime_Text_cordText__E)
                  00008610    0000002a     msp432p4xx_driverlib.lib : pcm.o (.text:PCM_getPowerMode)
                  0000863a    0000002a     drivers_wifi_MSP432P401R.aem4f : WiFiCC3100.oem4f (.text:WiFiCC3100_close)
                  00008664    0000002a     cc3x00_host_driver.aem4f : socket.oem4f (.text:_sl_BuildAddress)
                  0000868e    0000002a     drivers_MSP432P401R.aem4f : UARTMSP432.oem4f (.text:findBaudDividerIndex)
                  000086b8    0000002a                               : SPIMSP432DMA.oem4f (.text:perfChangeNotifyFxn)
                  000086e2    0000002a     ti.targets.arm.rtsarm.aem4f : System.oem4f (.text:xdc_runtime_System_putchar__I)
                  0000870c    00000028     msp432p4xx_driverlib.lib : flash.o (.text:FlashCtl_setWaitState)
                  00008734    00000028     drivers_MSP432P401R.aem4f : GPIOMSP432.oem4f (.text:GPIO_enableInt)
                  0000875c    00000028     msp432p4xx_driverlib.lib : pcm.o (.text:PCM_gotoLPM0)
                  00008784    00000028     cc3x00_host_driver.aem4f : socket.oem4f (.text:sl_Listen)
                  000087ac    00000004     --HOLE-- [fill = 0]
                  000087b0    00000028     sysbios.aem4f : BIOS.obj (.text:ti_sysbios_knl_Clock_addI__E)
                  000087d8    00000028                   : BIOS.obj (.text:ti_sysbios_knl_Swi_Module_startup__E)
                  00008800    00000026     drivers_MSP432P401R.aem4f : List.oem4f (.text:List_put)
                  00008826    00000026     sysbios.aem4f : m3_Hwi_asm.obj (.text:ti_sysbios_family_arm_m3_Hwi_pendSV__I)
                  0000884c    00000026     ti.targets.arm.rtsarm.aem4f : System.oem4f (.text:xdc_runtime_System_avprintf__E)
                  00008872    00000002     --HOLE-- [fill = 0]
                  00008874    00000024     msp432p4xx_driverlib.lib : cs.o (.text:CS_setDCOCenteredFrequency)
                  00008898    00000024                              : dma.o (.text:DMA_setChannelControl)
                  000088bc    00000024                              : gpio.o (.text:GPIO_setAsOutputPin)
                  000088e0    00000024                              : rtc_c.o (.text:RTC_C_holdClock)
                  00008904    00000024                              : rtc_c.o (.text:RTC_C_startClock)
                  00008928    00000024                              : uart.o (.text:UART_disableInterrupt)
                  0000894c    00000024                              : uart.o (.text:UART_receiveData)
                  00008970    00000024                              : uart.o (.text:UART_transmitData)
                  00008994    00000024     drivers_wifi_MSP432P401R.aem4f : osi_tirtos.oem4f (.text:osi_Spawn)
                  000089b8    00000024     cc3x00_host_driver.aem4f : socket.oem4f (.text:sl_Close)
                  000089dc    00000024                              : wlan.oem4f (.text:sl_WlanSetMode)
                  00008a00    00000024     MRobot_pem4f.oem4f (.text:ti_sysbios_BIOS_errorRaiseHook__I)
                  00008a24    00000024     MRobot_pem4f.oem4f (.text:ti_sysbios_BIOS_registerRTSLock__I)
                  00008a48    00000024     MRobot_pem4f.oem4f (.text:ti_sysbios_BIOS_removeRTSLock__I)
                  00008a6c    00000004     --HOLE-- [fill = 0]
                  00008a70    00000024     sysbios.aem4f : BIOS.obj (.text:ti_sysbios_family_arm_msp432_ClockFreqs_setFrequency__E)
                  00008a94    00000024     MRobot_pem4f.oem4f (.text:ti_sysbios_gates_GateMutex_Object__delete__S)
                  00008ab8    00000024     sysbios.aem4f : BIOS.obj (.text:ti_sysbios_heaps_HeapTrack_Instance_init__E)
                  00008adc    00000024     MRobot_pem4f.oem4f (.text:ti_sysbios_heaps_HeapTrack_Object__delete__S)
                  00008b00    00000024     sysbios.aem4f : BIOS.obj (.text:ti_sysbios_knl_Clock_Module_startup__E)
                  00008b24    00000004     --HOLE-- [fill = 0]
                  00008b28    00000024                   : BIOS.obj (.text:ti_sysbios_knl_Clock_start__E)
                  00008b4c    00000004     --HOLE-- [fill = 0]
                  00008b50    00000024                   : BIOS.obj (.text:ti_sysbios_knl_Semaphore_Instance_init__E)
                  00008b74    00000024     MRobot_pem4f.oem4f (.text:ti_sysbios_knl_Semaphore_Object__delete__S)
                  00008b98    00000024     sysbios.aem4f : BIOS.obj (.text:ti_sysbios_knl_Task_restoreHwi__E)
                  00008bbc    00000024     ti.targets.arm.rtsarm.aem4f : System.oem4f (.text:xdc_runtime_System_vprintf__E)
                  00008be0    00000022     MRobot_pem4f.oem4f (.text:xdc_runtime_SysMin_output__I)
                  00008c02    00000002     --HOLE-- [fill = 0]
                  00008c04    00000020     msp432p4xx_driverlib.lib : gpio.o (.text:GPIO_interruptEdgeSelect)
                  00008c24    00000020     drivers_MSP432P401R.aem4f : PowerMSP432.oem4f (.text:PowerMSP432_getFreqs)
                  00008c44    00000020                               : PowerMSP432.oem4f (.text:Power_unregisterNotify)
                  00008c64    00000020                               : RingBuf.oem4f (.text:RingBuf_peek)
                  00008c84    00000020                               : UDMAMSP432.oem4f (.text:UDMAMSP432_close)
                  00008ca4    00000020     drivers_wifi_MSP432P401R.aem4f : WiFiCC3100.oem4f (.text:hostDriverInterruptHandler)
                  00008cc4    00000020     MRobot_pem4f.oem4f (.text:ti_sysbios_BIOS_rtsLock__I)
                  00008ce4    00000004     --HOLE-- [fill = 0]
                  00008ce8    00000020     sysbios.aem4f : BIOS.obj (.text:ti_sysbios_family_arm_m3_Hwi_clearInterrupt__E)
                  00008d08    00000020                   : m3_Hwi_asm.obj (.text:ti_sysbios_family_arm_m3_Hwi_excHandlerAsm__I)
                  00008d28    00000020                   : BIOS.obj (.text:ti_sysbios_family_arm_m3_Hwi_excHandler__I)
                  00008d48    00000020     MRobot_pem4f.oem4f (.text:ti_sysbios_gates_GateHwi_Object__delete__S)
                  00008d68    00000020     MRobot_pem4f.oem4f (.text:ti_sysbios_heaps_HeapMem_Object__delete__S)
                  00008d88    00000020     MRobot_pem4f.oem4f (.text:ti_sysbios_knl_Clock_Object__destruct__S)
                  00008da8    00000020     sysbios.aem4f : BIOS.obj (.text:ti_sysbios_knl_Idle_run__E)
                  00008dc8    00000020     MRobot_pem4f.oem4f (.text:ti_sysbios_knl_Mailbox_Object__delete__S)
                  00008de8    00000020     MRobot_pem4f.oem4f (.text:ti_sysbios_knl_Semaphore_Object__destruct__S)
                  00008e08    00000020     MRobot_pem4f.oem4f (.text:ti_sysbios_knl_Task_Object__delete__S)
                  00008e28    00000020     ti.targets.arm.rtsarm.aem4f : Registry.oem4f (.text:xdc_runtime_Registry_findById__E)
                  00008e48    00000020                                 : SysMin.oem4f (.text:xdc_runtime_SysMin_Module_startup__E)
                  00008e68    0000001e     sysbios.aem4f : m3_Hwi_asm_switch.obj (.text:ti_sysbios_family_xxx_Hwi_switchAndRunFunc)
                  00008e86    00000002     --HOLE-- [fill = 0]
                  00008e88    0000001c     msp432p4xx_driverlib.lib : pcm.o (.text:PCM_enableRudeMode)
                  00008ea4    0000001c     drivers_MSP432P401R.aem4f : PowerMSP432.oem4f (.text:Power_registerNotify)
                  00008ec0    0000001c     sockets.obj (.text:SimpleLinkWlanEventHandler)
                  00008edc    0000001c     cc3x00_host_driver.aem4f : driver.oem4f (.text:_SlDrvProtectionObjLockWaitForever)
                  00008ef8    0000001c                              : socket.oem4f (.text:_sl_TruncatePayloadByProtocol)
                  00008f14    0000001c     MRobot_pem4f.oem4f (.text:ti_sysbios_family_arm_m3_Hwi_Object__destruct__S)
                  00008f30    0000001c     sysbios.aem4f : BIOS.obj (.text:ti_sysbios_gates_GateMutex_Instance_init__E)
                  00008f4c    00000004     --HOLE-- [fill = 0]
                  00008f50    0000001c                   : BIOS.obj (.text:ti_sysbios_knl_Clock_Instance_finalize__E)
                  00008f6c    0000001c     MRobot_pem4f.oem4f (.text:ti_sysbios_knl_Queue_Object__destruct__S)
                  00008f88    0000001c     sysbios.aem4f : BIOS.obj (.text:ti_sysbios_knl_Queue_get__E)
                  00008fa4    00000004     --HOLE-- [fill = 0]
                  00008fa8    0000001c                   : BIOS.obj (.text:ti_sysbios_knl_Queue_put__E)
                  00008fc4    00000004     --HOLE-- [fill = 0]
                  00008fc8    0000001c                   : BIOS.obj (.text:ti_sysbios_knl_Task_enter__I)
                  00008fe4    0000001c     drivers_wifi_MSP432P401R.aem4f : osi_tirtos.oem4f (.text:vSimpleLinkSpawnTask)
                  00009000    0000001c     ti.targets.arm.rtsarm.aem4f : Error.oem4f (.text:xdc_runtime_Error_raiseX__E)
                  0000901c    0000001c                                 : Memory.oem4f (.text:xdc_runtime_Memory_valloc__E)
                  00009038    0000001c                                 : SysMin.oem4f (.text:xdc_runtime_SysMin_exit__E)
                  00009054    0000001c                                 : System.oem4f (.text:xdc_runtime_System_abort__E)
                  00009070    0000001a     cc3x00_host_driver.aem4f : netapp.oem4f (.text:CopyPingResultsToReport)
                  0000908a    0000001a     drivers_MSP432P401R.aem4f : List.oem4f (.text:List_remove)
                  000090a4    0000001a     msp432p4xx_driverlib.lib : spi.o (.text:SPI_disableModule)
                  000090be    0000001a                              : spi.o (.text:SPI_enableModule)
                  000090d8    0000001a                              : spi.o (.text:SPI_getReceiveBufferAddressForDMA)
                  000090f2    0000001a                              : spi.o (.text:SPI_getTransmitBufferAddressForDMA)
                  0000910c    0000001a     MRobot_pem4f.oem4f (.text:ti_sysbios_family_arm_m3_Hwi_Handle__label__S)
                  00009126    0000001a     MRobot_pem4f.oem4f (.text:ti_sysbios_gates_GateHwi_Handle__label__S)
                  00009140    0000001a     MRobot_pem4f.oem4f (.text:ti_sysbios_gates_GateMutex_Handle__label__S)
                  0000915a    0000001a     MRobot_pem4f.oem4f (.text:ti_sysbios_heaps_HeapMem_Handle__label__S)
                  00009174    0000001a     MRobot_pem4f.oem4f (.text:ti_sysbios_heaps_HeapTrack_Handle__label__S)
                  0000918e    0000001a     MRobot_pem4f.oem4f (.text:ti_sysbios_knl_Swi_Handle__label__S)
                  000091a8    0000001a     MRobot_pem4f.oem4f (.text:ti_sysbios_knl_Task_Handle__label__S)
                  000091c2    0000001a     MRobot_pem4f.oem4f (.text:xdc_runtime_System_aprintf__E)
                  000091dc    0000001a     MRobot_pem4f.oem4f (.text:xdc_runtime_System_printf__E)
                  000091f6    00000002     --HOLE-- [fill = 0]
                  000091f8    00000018     msp432p4xx_driverlib.lib : dma.o (.text:DMA_clearInterruptFlag)
                  00009210    00000018                              : dma.o (.text:DMA_enableChannel)
                  00009228    00000018                              : dma.o (.text:DMA_isChannelEnabled)
                  00009240    00000018                              : gpio.o (.text:GPIO_clearInterruptFlag)
                  00009258    00000018                              : gpio.o (.text:GPIO_disableInterrupt)
                  00009270    00000018                              : gpio.o (.text:GPIO_setDriveStrengthLow)
                  00009288    00000018                              : gpio.o (.text:GPIO_setOutputLowOnPin)
                  000092a0    00000018     MRobot.obj (.text:Motor)
                  000092b8    00000018     drivers_MSP432P401R.aem4f : SPIMSP432DMA.oem4f (.text:SPIMSP432DMA_transferCancel)
                  000092d0    00000018                               : UART.oem4f (.text:UART_Params_init)
                  000092e8    00000018     drivers_wifi_MSP432P401R.aem4f : osi_tirtos.oem4f (.text:VDeleteSimpleLinkSpawnTask)
                  00009300    00000018     msp432p4xx_driverlib.lib : wdt_a.o (.text:WDT_A_holdTimer)
                  00009318    00000018     drivers_wifi_MSP432P401R.aem4f : WiFiCC3100.oem4f (.text:WiFiCC3100_init)
                  00009330    00000018     cc3x00_host_driver.aem4f : driver.oem4f (.text:_SlDrvProtectionObjUnLock)
                  00009348    00000018     MSP_EXP432P401R.obj (.text:dmaErrorHwi)
                  00009360    00000018     MRobot_pem4f.oem4f (.text:free)
                  00009378    00000018     rtsv7M4_T_le_v4SPD16_eabi.lib : args_main.obj (.text)
                  00009390    00000018     drivers_wifi_MSP432P401R.aem4f : WiFiCC3100.oem4f (.text:spi_Close)
                  000093a8    00000018     MRobot_pem4f.oem4f (.text:ti_sysbios_BIOS_rtsUnlock__I)
                  000093c0    00000018     MRobot_pem4f.oem4f (.text:ti_sysbios_family_arm_m3_Hwi_Module__startupDone__F)
                  000093d8    00000018     sysbios.aem4f : m3_TaskSupport_asm.obj (.text:ti_sysbios_family_arm_m3_TaskSupport_swap__E)
                  000093f0    00000018     MRobot_pem4f.oem4f (.text:ti_sysbios_family_arm_msp432_Timer_Module__startupDone__F)
                  00009408    00000018     sysbios.aem4f : BIOS.obj (.text:ti_sysbios_gates_GateMutex_leave__E)
                  00009420    00000018                   : BIOS.obj (.text:ti_sysbios_knl_Task_sleepTimeout__I)
                  00009438    00000018     ti.targets.arm.rtsarm.aem4f : Error.oem4f (.text:xdc_runtime_Error_check__E)
                  00009450    00000018                                 : System.oem4f (.text:xdc_runtime_System_exit__E)
                  00009468    00000018                                 : Text.oem4f (.text:xdc_runtime_Text_ropeText__E)
                  00009480    00000016     tirtosport.aem4f : ClockP_tirtos.oem4f (.text:ClockP_delete)
                  00009496    00000016                      : HwiP_tirtos.oem4f (.text:HwiP_delete)
                  000094ac    00000016                      : SemaphoreP_tirtos.oem4f (.text:SemaphoreP_delete)
                  000094c2    00000016     msp432p4xx_driverlib.lib : uart.o (.text:UART_enableInterrupt)
                  000094d8    00000016     MRobot_pem4f.oem4f (.text:ti_sysbios_BIOS_exitFunc__I)
                  000094ee    00000002     --HOLE-- [fill = 0]
                  000094f0    00000016     sysbios.aem4f : BIOS.obj (.text:ti_sysbios_knl_Task_unblock__E)
                  00009506    00000002     --HOLE-- [fill = 0]
                  00009508    00000014     drivers_wifi_MSP432P401R.aem4f : WiFiCC3100.oem4f (.text:CC3X00_NWP_disable)
                  0000951c    00000014                                    : WiFiCC3100.oem4f (.text:CC3X00_NWP_enable)
                  00009530    00000014     msp432p4xx_driverlib.lib : gpio.o (.text:GPIO_enableInterrupt)
                  00009544    00000014                              : gpio.o (.text:GPIO_setDriveStrengthHigh)
                  00009558    00000014                              : gpio.o (.text:GPIO_setOutputHighOnPin)
                  0000956c    00000014     drivers_MSP432P401R.aem4f : PowerMSP432.oem4f (.text:Power_idleFunc)
                  00009580    00000014                               : SPI.oem4f (.text:SPI_Params_init)
                  00009594    00000014     sockets.obj (.text:SimpleLinkNetAppEventHandler)
                  000095a8    00000014     msp432p4xx_driverlib.lib : wdt_a.o (.text:WDT_A_startTimer)
                  000095bc    00000014     drivers_wifi_MSP432P401R.aem4f : WiFiCC3100.oem4f (.text:cc3100_assertCS)
                  000095d0    00000014                                    : WiFiCC3100.oem4f (.text:cc3100_deassertCS)
                  000095e4    00000014                                    : osi_tirtos.oem4f (.text:osi_SyncObjClear)
                  000095f8    00000014     rtsv7M4_T_le_v4SPD16_eabi.lib : _lock.obj (.text)
                  0000960c    00000014                                   : strcpy.obj (.text)
                  00009620    00000014                                   : strlen.obj (.text)
                  00009634    00000014     sockets.obj (.text:socketsShutDown)
                  00009648    00000014     MRobot_pem4f.oem4f (.text:ti_sysbios_family_arm_m3_Hwi_Object__get__S)
                  0000965c    00000004     --HOLE-- [fill = 0]
                  00009660    00000014     sysbios.aem4f : BIOS.obj (.text:ti_sysbios_family_arm_m3_Hwi_switchFromBootStack__E)
                  00009674    00000014     MRobot_pem4f.oem4f (.text:ti_sysbios_heaps_HeapMem_Object__get__S)
                  00009688    00000014     MRobot_pem4f.oem4f (.text:ti_sysbios_knl_Swi_Object__get__S)
                  0000969c    00000012     tirtosport.aem4f : ClockP_tirtos.oem4f (.text:ClockP_start)
                  000096ae    00000012     drivers_MSP432P401R.aem4f : RingBuf.oem4f (.text:RingBuf_construct)
                  000096c0    00000012     tirtosport.aem4f : SemaphoreP_tirtos.oem4f (.text:SemaphoreP_pend)
                  000096d2    00000012     cc3x00_host_driver.aem4f : driver.oem4f (.text:_SlDrvObjLockWaitForever)
                  000096e4    00000012                              : driver.oem4f (.text:_SlDrvSyncObjWaitForever)
                  000096f6    00000002     --HOLE-- [fill = 0]
                  000096f8    00000012     sysbios.aem4f : BIOS.obj (.text:ti_sysbios_hal_Hwi_Module_startup__E)
                  0000970a    00000012     MRobot_pem4f.oem4f (.text:xdc_runtime_Startup_exec__I)
                  0000971c    00000010     drivers_wifi_MSP432P401R.aem4f : WiFiCC3100.oem4f (.text:CC3X00_NWP_maskInterrupt)
                  0000972c    00000010                                    : WiFiCC3100.oem4f (.text:CC3X00_NWP_unMaskInterrupt)
                  0000973c    00000010     msp432p4xx_driverlib.lib : dma.o (.text:DMA_enableModule)
                  0000974c    00000010                              : gpio.o (.text:GPIO_getInterruptStatus)
                  0000975c    00000010                              : pcm.o (.text:PCM_gotoLPM4)
                  0000976c    00000010     drivers_MSP432P401R.aem4f : WiFi.oem4f (.text:WiFi_Params_init)
                  0000977c    00000010     cc3x00_host_driver.aem4f : device.oem4f (.text:_sl_GetStartResponseConvert)
                  0000978c    00000010     drivers_MSP432P401R.aem4f : UARTMSP432.oem4f (.text:readBlockingTimeout)
                  0000979c    00000004     --HOLE-- [fill = 0]
                  000097a0    00000010     sysbios.aem4f : BIOS.obj (.text:ti_sysbios_BIOS_exit__E)
                  000097b0    00000010                   : BIOS.obj (.text:ti_sysbios_BIOS_setCpuFreq__E)
                  000097c0    00000010                   : BIOS.obj (.text:ti_sysbios_BIOS_setThreadType__E)
                  000097d0    00000010                   : BIOS.obj (.text:ti_sysbios_BIOS_start__E)
                  000097e0    00000010                   : m3_TaskSupport_asm.obj (.text:ti_sysbios_family_arm_m3_TaskSupport_glue)
                  000097f0    00000010                   : BIOS.obj (.text:ti_sysbios_family_arm_msp432_init_Boot_disableWatchdog)
                  00009800    00000010                   : BIOS.obj (.text:ti_sysbios_gates_GateMutex_Instance_finalize__E)
                  00009810    00000010                   : BIOS.obj (.text:ti_sysbios_heaps_HeapTrack_Instance_finalize__E)
                  00009820    00000010     MRobot_pem4f.oem4f (.text:ti_sysbios_knl_Mailbox_Object__get__S)
                  00009830    00000010     sysbios.aem4f : BIOS.obj (.text:ti_sysbios_knl_Semaphore_Instance_finalize__E)
                  00009840    00000010                   : BIOS.obj (.text:ti_sysbios_knl_Swi_disable__E)
                  00009850    00000010     MRobot_pem4f.oem4f (.text:ti_sysbios_knl_Task_Object__get__S)
                  00009860    00000010     sysbios.aem4f : BIOS.obj (.text:ti_sysbios_knl_Task_disable__E)
                  00009870    00000010     ti.targets.arm.rtsarm.aem4f : Gate.oem4f (.text:xdc_runtime_Gate_leaveSystem__E)
                  00009880    00000010                                 : Memory.oem4f (.text:xdc_runtime_Memory_free__E)
                  00009890    00000010                                 : Memory.oem4f (.text:xdc_runtime_Memory_getStats__E)
                  000098a0    00000010                                 : SysMin.oem4f (.text:xdc_runtime_SysMin_ready__E)
                  000098b0    00000010                                 : System.oem4f (.text:xdc_runtime_System_vsnprintf__E)
                  000098c0    00000010     MRobot_pem4f.oem4f (.text:xdc_runtime_Text_visitRope__I)
                  000098d0    0000000e     tirtosport.aem4f : HwiP_tirtos.oem4f (.text:HwiP_Params_init)
                  000098de    0000000e     msp432p4xx_driverlib.lib : uart.o (.text:UART_clearInterruptFlag)
                  000098ec    0000000e     cc3x00_host_driver.aem4f : driver.oem4f (.text:_SlDrvObjUnLock)
                  000098fa    0000000e                              : driver.oem4f (.text:_SlDrvSyncObjSignal)
                  00009908    0000000e     rtsv7M4_T_le_v4SPD16_eabi.lib : copy_decompress_none.obj (.text:decompress:none)
                  00009916    00000002     --HOLE-- [fill = 0]
                  00009918    0000000e     sysbios.aem4f : BIOS.obj (.text:ti_sysbios_knl_Idle_loop__E)
                  00009926    00000002     --HOLE-- [fill = 0]
                  00009928    0000000e                   : BIOS.obj (.text:ti_sysbios_knl_Queue_empty__E)
                  00009936    0000000c     MRobot_pem4f.oem4f (.text:.bootCodeSection:ti_sysbios_family_arm_msp432_init_Boot_init__I)
                  00009942    0000000c     msp432p4xx_driverlib.lib : cpu.o (.text:CPU_cpsid)
                  0000994e    0000000c                              : cpu.o (.text:CPU_cpsie)
                  0000995a    00000002     --HOLE-- [fill = 0]
                  0000995c    0000000c                              : dma.o (.text:DMA_setControlBase)
                  00009968    0000000c                              : spi.o (.text:EUSCI_A_SPI_disable)
                  00009974    0000000c                              : spi.o (.text:EUSCI_A_SPI_enable)
                  00009980    0000000c                              : spi.o (.text:EUSCI_B_SPI_disable)
                  0000998c    0000000c                              : spi.o (.text:EUSCI_B_SPI_enable)
                  00009998    0000000c                              : pcm.o (.text:PCM_getPowerState)
                  000099a4    0000000c     drivers_MSP432P401R.aem4f : PowerMSP432.oem4f (.text:Power_getConstraintMask)
                  000099b0    0000000c                               : PowerMSP432.oem4f (.text:Power_getPerformanceLevel)
                  000099bc    0000000c                               : UARTMSP432.oem4f (.text:UARTMSP432_init)
                  000099c8    0000000c     msp432p4xx_driverlib.lib : uart.o (.text:UART_disableModule)
                  000099d4    0000000c                              : uart.o (.text:UART_enableModule)
                  000099e0    0000000c     MRobot.obj (.text:gpioButtonFxn)
                  000099ec    0000000c     drivers_wifi_MSP432P401R.aem4f : osi_tirtos.oem4f (.text:osi_LockObjUnlock)
                  000099f8    0000000c                                    : osi_tirtos.oem4f (.text:osi_SyncObjSignal)
                  00009a04    0000000c                                    : osi_tirtos.oem4f (.text:osi_SyncObjSignalFromISR)
                  00009a10    0000000c     MRobot_pem4f.oem4f (.text:ti_sysbios_family_arm_m3_Hwi_Params__init__S)
                  00009a1c    00000004     --HOLE-- [fill = 0]
                  00009a20    0000000c     sysbios.aem4f : BIOS.obj (.text:ti_sysbios_family_arm_m3_Hwi_disableFxn__E)
                  00009a2c    00000004     --HOLE-- [fill = 0]
                  00009a30    0000000c                   : BIOS.obj (.text:ti_sysbios_family_arm_m3_TaskSupport_checkStack__E)
                  00009a3c    00000004     --HOLE-- [fill = 0]
                  00009a40    0000000c                   : BIOS.obj (.text:ti_sysbios_family_arm_m3_TaskSupport_getStackAlignment__E)
                  00009a4c    00000004     --HOLE-- [fill = 0]
                  00009a50    0000000c                   : BIOS.obj (.text:ti_sysbios_family_arm_msp432_Timer_getMaxTicks__E)
                  00009a5c    00000004     --HOLE-- [fill = 0]
                  00009a60    0000000c                   : BIOS.obj (.text:ti_sysbios_gates_GateHwi_enter__E)
                  00009a6c    00000004     --HOLE-- [fill = 0]
                  00009a70    0000000c                   : BIOS.obj (.text:ti_sysbios_heaps_HeapTrack_isBlocking__E)
                  00009a7c    0000000c     MRobot_pem4f.oem4f (.text:ti_sysbios_knl_Clock_Params__init__S)
                  00009a88    0000000c     MRobot_pem4f.oem4f (.text:ti_sysbios_knl_Queue_Object__get__S)
                  00009a94    0000000c     MRobot_pem4f.oem4f (.text:ti_sysbios_knl_Semaphore_Params__init__S)
                  00009aa0    0000000c     MRobot_pem4f.oem4f (.text:ti_sysbios_knl_Task_Params__init__S)
                  00009aac    0000000c     ti.targets.arm.rtsarm.aem4f : Error.oem4f (.text:xdc_runtime_Error_init__E)
                  00009ab8    0000000c                                 : Gate.oem4f (.text:xdc_runtime_Gate_enterSystem__E)
                  00009ac4    0000000c                                 : Memory.oem4f (.text:xdc_runtime_Memory_calloc__E)
                  00009ad0    0000000c                                 : Memory.oem4f (.text:xdc_runtime_Memory_getMaxDefaultTypeAlign__E)
                  00009adc    0000000c                                 : Startup.oem4f (.text:xdc_runtime_Startup_rtsDone__E)
                  00009ae8    0000000a     tirtosport.aem4f : ClockP_tirtos.oem4f (.text:ClockP_stop)
                  00009af2    0000000a     drivers_MSP432P401R.aem4f : SPIMSP432DMA.oem4f (.text:SPIMSP432DMA_init)
                  00009afc    0000000a                               : SPI.oem4f (.text:SPI_close)
                  00009b06    0000000a                               : SPI.oem4f (.text:SPI_transfer)
                  00009b10    0000000a     tirtosport.aem4f : SemaphoreP_tirtos.oem4f (.text:SemaphoreP_post)
                  00009b1a    0000000a     drivers_MSP432P401R.aem4f : UART.oem4f (.text:UART_close)
                  00009b24    0000000a                               : UART.oem4f (.text:UART_read)
                  00009b2e    0000000a                               : UART.oem4f (.text:UART_write)
                  00009b38    0000000a                               : WiFi.oem4f (.text:WiFi_close)
                  00009b42    0000000a     drivers_wifi_MSP432P401R.aem4f : osi_tirtos.oem4f (.text:osi_LockObjDelete)
                  00009b4c    0000000a                                    : osi_tirtos.oem4f (.text:osi_SyncObjDelete)
                  00009b56    0000000a     MRobot_pem4f.oem4f (.text:xdc_runtime_IHeap_alloc)
                  00009b60    0000000a     MRobot_pem4f.oem4f (.text:xdc_runtime_IHeap_free)
                  00009b6a    0000000a     MRobot_pem4f.oem4f (.text:xdc_runtime_IHeap_getStats)
                  00009b74    00000008     tirtosport.aem4f : ClockP_tirtos.oem4f (.text:ClockP_Params_init)
                  00009b7c    00000008     msp432p4xx_driverlib.lib : pcm.o (.text:PCM_setPowerMode)
                  00009b84    00000008                              : pcm.o (.text:PCM_setPowerState)
                  00009b8c    00000008     tirtosport.aem4f : SemaphoreP_tirtos.oem4f (.text:SemaphoreP_Params_init)
                  00009b94    00000008     cc3x00_host_driver.aem4f : driver.oem4f (.text:_SlDrvMemZero)
                  00009b9c    00000008     drivers_MSP432P401R.aem4f : SPIMSP432DMA.oem4f (.text:blockingTransferCallback)
                  00009ba4    00000008                               : UARTMSP432.oem4f (.text:readSemCallback)
                  00009bac    00000008     cc3x00_host_driver.aem4f : wlan.oem4f (.text:sl_WlanDisconnect)
                  00009bb4    00000004     --HOLE-- [fill = 0]
                  00009bb8    00000008     sysbios.aem4f : BIOS.obj (.text:ti_sysbios_family_arm_m3_Hwi_doSwiRestore__I)
                  00009bc0    00000008                   : BIOS.obj (.text:ti_sysbios_family_arm_m3_Hwi_startup__E)
                  00009bc8    00000008     drivers_MSP432P401R.aem4f : UARTMSP432.oem4f (.text:writeSemCallback)
                  00009bd0    00000006                               : SPIMSP432DMA.oem4f (.text:SPIMSP432DMA_control)
                  00009bd6    00000006     msp432p4xx_driverlib.lib : uart.o (.text:UART_getInterruptStatus)
                  00009bdc    00000006                              : uart.o (.text:UART_queryStatusFlags)
                  00009be2    00000006     drivers_wifi_MSP432P401R.aem4f : WiFiCC3100.oem4f (.text:WiFiCC3100_control)
                  00009be8    00000006     cc3x00_host_driver.aem4f : driver.oem4f (.text:_SlDrvResetCmdExt)
                  00009bee    00000006     rtsv7M4_T_le_v4SPD16_eabi.lib : copy_decompress_rle.obj (.text:decompress:rle24)
                  00009bf4    00000004     --HOLE-- [fill = 0]
                  00009bf8    00000006     sysbios.aem4f : BIOS.obj (.text:ti_sysbios_family_arm_m3_Hwi_doTaskRestore__I)
                  00009bfe    00000002     --HOLE-- [fill = 0]
                  00009c00    00000006                   : BIOS.obj (.text:ti_sysbios_family_arm_m3_Hwi_restoreFxn__E)
                  00009c06    00000002     --HOLE-- [fill = 0]
                  00009c08    00000006                   : BIOS.obj (.text:ti_sysbios_gates_GateHwi_leave__E)
                  00009c0e    00000002     --HOLE-- [fill = 0]
                  00009c10    00000006                   : BIOS.obj (.text:ti_sysbios_heaps_HeapMem_isBlocking__E)
                  00009c16    00000002     --HOLE-- [fill = 0]
                  00009c18    00000006                   : BIOS.obj (.text:ti_sysbios_heaps_HeapTrack_getStats__E)
                  00009c1e    00000002     --HOLE-- [fill = 0]
                  00009c20    00000006                   : BIOS.obj (.text:ti_sysbios_knl_Clock_stop__E)
                  00009c26    00000002     --HOLE-- [fill = 0]
                  00009c28    00000006                   : BIOS.obj (.text:ti_sysbios_knl_Queue_Instance_init__E)
                  00009c2e    00000002     --HOLE-- [fill = 0]
                  00009c30    00000006                   : BIOS.obj (.text:ti_sysbios_knl_Swi_startup__E)
                  00009c36    00000006     ti.targets.arm.rtsarm.aem4f : System.oem4f (.text:xdc_runtime_System_Module_startup__E)
                  00009c3c    00000004     --HOLE-- [fill = 0]
                  00009c40    00000004     sysbios.aem4f : BIOS.obj (.text:ti_sysbios_gates_GateHwi_query__E)
                  00009c44    00000004     --HOLE-- [fill = 0]
                  00009c48    00000004                   : BIOS.obj (.text:ti_sysbios_gates_GateMutex_query__E)
                  00009c4c    00000004     --HOLE-- [fill = 0]
                  00009c50    00000004                   : BIOS.obj (.text:ti_sysbios_knl_Clock_setTimeout__E)
                  00009c54    00000004     --HOLE-- [fill = 0]
                  00009c58    00000004                   : BIOS.obj (.text:ti_sysbios_knl_Task_startup__E)
                  00009c5c    00000004     --HOLE-- [fill = 0]
                  00009c60    00000002                   : BIOS.obj (.text:ti_sysbios_BIOS_linkedWithIncorrectBootLibrary__E)
                  00009c62    00000006     --HOLE-- [fill = 0]
                  00009c68    00000002                   : BIOS.obj (.text:ti_sysbios_gates_GateHwi_Instance_init__E)
                  00009c6a    00000006     --HOLE-- [fill = 0]
                  00009c70    00000002                   : BIOS.obj (.text:ti_sysbios_knl_Clock_logTick__E)

.const     0    00009c74    000022b0     
                  00009c74    000018ba     MRobot_pem4f.oem4f (.const:xdc_runtime_Text_charTab__A)
                  0000b52e    000000bc     MRobot_pem4f.oem4f (.const:xdc_runtime_Text_nodeTab__A)
                  0000b5ea    00000002     MRobot_pem4f.oem4f (.const:ti_sysbios_family_arm_m3_Hwi_Module__id__C)
                  0000b5ec    00000070     MSP_EXP432P401R.obj (.const:uartMSP432Baudrates)
                  0000b65c    00000048     MRobot_pem4f.oem4f (.const:.string)
                  0000b6a4    00000048     MSP_EXP432P401R.obj (.const:uartMSP432HWAttrs)
                  0000b6ec    0000003c     cc3x00_host_driver.aem4f : driver.oem4f (.const:OpcodeTranslateTable)
                  0000b728    0000003c                              : wlan.oem4f (.const)
                  0000b764    0000003c     MRobot_pem4f.oem4f (.const:ti_sysbios_knl_Task_Object__PARAMS__C)
                  0000b7a0    00000038     cc3x00_host_driver.aem4f : driver.oem4f (.const:_SlActionLookupTable)
                  0000b7d8    00000034                              : socket.oem4f (.const)
                  0000b80c    00000034     MRobot_pem4f.oem4f (.const:ti_sysbios_knl_Mailbox_Object__PARAMS__C)
                  0000b840    00000030     MSP_EXP432P401R.obj (.const:spiMSP432DMAHWAttrs)
                  0000b870    00000030     MRobot_pem4f.oem4f (.const:ti_sysbios_family_arm_m3_Hwi_Object__PARAMS__C)
                  0000b8a0    00000028     drivers_MSP432P401R.aem4f : UARTMSP432.oem4f (.const:UARTMSP432_fxnTable)
                  0000b8c8    00000028     cc3x00_host_driver.aem4f : netapp.oem4f (.const)
                  0000b8f0    00000028     drivers_MSP432P401R.aem4f : SPIMSP432DMA.oem4f (.const)
                  0000b918    00000028     MRobot_pem4f.oem4f (.const:ti_sysbios_heaps_HeapMem_Module__FXNS__C)
                  0000b940    00000028     MRobot_pem4f.oem4f (.const:ti_sysbios_heaps_HeapTrack_Module__FXNS__C)
                  0000b968    00000024     MSP_EXP432P401R.obj (.const:SPI_config)
                  0000b98c    00000024     MSP_EXP432P401R.obj (.const:UART_config)
                  0000b9b0    00000024     drivers_MSP432P401R.aem4f : UART.oem4f (.const:UART_defaultParams)
                  0000b9d4    00000024     cc3x00_host_driver.aem4f : driver.oem4f (.const)
                  0000b9f8    00000024     drivers_MSP432P401R.aem4f : UARTMSP432.oem4f (.const)
                  0000ba1c    00000024     MRobot_pem4f.oem4f (.const:ti_sysbios_gates_GateHwi_Module__FXNS__C)
                  0000ba40    00000024     MRobot_pem4f.oem4f (.const:ti_sysbios_gates_GateMutex_Module__FXNS__C)
                  0000ba64    00000024     MRobot_pem4f.oem4f (.const:ti_sysbios_heaps_HeapMem_Object__PARAMS__C)
                  0000ba88    00000024     MRobot_pem4f.oem4f (.const:ti_sysbios_knl_Clock_Object__PARAMS__C)
                  0000baac    00000024     MRobot_pem4f.oem4f (.const:ti_sysbios_knl_Semaphore_Object__PARAMS__C)
                  0000bad0    00000024     MRobot_pem4f.oem4f (.const:xdc_runtime_Startup_sfxnTab__A)
                  0000baf4    00000020     drivers_MSP432P401R.aem4f : SPI.oem4f (.const)
                  0000bb14    00000020     MRobot_pem4f.oem4f (.const:ti_sysbios_family_arm_m3_Hwi_Object__DESC__C)
                  0000bb34    00000020     MRobot_pem4f.oem4f (.const:ti_sysbios_gates_GateHwi_Object__DESC__C)
                  0000bb54    00000020     MRobot_pem4f.oem4f (.const:ti_sysbios_gates_GateMutex_Object__DESC__C)
                  0000bb74    00000020     MRobot_pem4f.oem4f (.const:ti_sysbios_heaps_HeapMem_Object__DESC__C)
                  0000bb94    00000020     MRobot_pem4f.oem4f (.const:ti_sysbios_heaps_HeapTrack_Object__DESC__C)
                  0000bbb4    00000020     MRobot_pem4f.oem4f (.const:ti_sysbios_knl_Clock_Object__DESC__C)
                  0000bbd4    00000020     MRobot_pem4f.oem4f (.const:ti_sysbios_knl_Mailbox_Object__DESC__C)
                  0000bbf4    00000020     MRobot_pem4f.oem4f (.const:ti_sysbios_knl_Queue_Object__DESC__C)
                  0000bc14    00000020     MRobot_pem4f.oem4f (.const:ti_sysbios_knl_Semaphore_Object__DESC__C)
                  0000bc34    00000020     MRobot_pem4f.oem4f (.const:ti_sysbios_knl_Task_Object__DESC__C)
                  0000bc54    0000001c     MRobot_pem4f.oem4f (.const:ti_sysbios_heaps_HeapTrack_Object__PARAMS__C)
                  0000bc70    0000001c     MSP_EXP432P401R.obj (.const:wiFiCC3100HWAttrs)
                  0000bc8c    00000018     MSP_EXP432P401R.obj (.const:WiFi_config)
                  0000bca4    00000018     MRobot_pem4f.oem4f (.const:ti_sysbios_gates_GateHwi_Object__PARAMS__C)
                  0000bcbc    00000018     MRobot_pem4f.oem4f (.const:ti_sysbios_gates_GateMutex_Object__PARAMS__C)
                  0000bcd4    00000018     MRobot_pem4f.oem4f (.const:ti_sysbios_knl_Queue_Object__PARAMS__C)
                  0000bcec    00000014     MSP_EXP432P401R.obj (.const:GPIOMSP432_config)
                  0000bd00    00000014     cc3x00_host_driver.aem4f : device.oem4f (.const)
                  0000bd14    00000012     MRobot_pem4f.oem4f (.const:xdc_runtime_Startup_sfxnRts__A)
                  0000bd26    00000010     cc3x00_host_driver.aem4f : socket.oem4f (.const:.string)
                  0000bd36    00000002     MRobot_pem4f.oem4f (.const:ti_sysbios_hal_Hwi_Module__id__C)
                  0000bd38    00000010     MSP_EXP432P401R.obj (.const:PowerMSP432_config)
                  0000bd48    00000010     drivers_wifi_MSP432P401R.aem4f : WiFiCC3100.oem4f (.const)
                  0000bd58    0000000c     drivers_MSP432P401R.aem4f : GPIOMSP432.oem4f (.const:.string)
                  0000bd64    0000000c                               : WiFi.oem4f (.const)
                  0000bd70    0000000c     MSP_EXP432P401R.obj (.const:udmaMSP432HWAttrs)
                  0000bd7c    0000000c     MRobot_pem4f.oem4f (.const:xdc_runtime_Startup_firstFxns__A)
                  0000bd88    00000008     cc3x00_host_driver.aem4f : device.oem4f (.const:.string)
                  0000bd90    00000008     MSP_EXP432P401R.obj (.const:UDMAMSP432_config)
                  0000bd98    00000008     cc3x00_host_driver.aem4f : netcfg.oem4f (.const)
                  0000bda0    00000008     MRobot_pem4f.oem4f (.const:ti_sysbios_family_arm_m3_Hwi_excHookFuncs__A)
                  0000bda8    00000008     MRobot_pem4f.oem4f (.const:ti_sysbios_knl_Idle_funcList__A)
                  0000bdb0    00000008     MRobot_pem4f.oem4f (.const:ti_sysbios_knl_Idle_funcList__C)
                  0000bdb8    00000008     MRobot_pem4f.oem4f (.const:xdc_runtime_Startup_firstFxns__C)
                  0000bdc0    00000008     MRobot_pem4f.oem4f (.const:xdc_runtime_Startup_lastFxns__C)
                  0000bdc8    00000005     drivers_MSP432P401R.aem4f : UARTMSP432.oem4f (.const:.string)
                  0000bdcd    00000001     MRobot_pem4f.oem4f (.const:xdc_runtime_Error_policy__C)
                  0000bdce    00000002     MRobot_pem4f.oem4f (.const:ti_sysbios_heaps_HeapMem_Module__id__C)
                  0000bdd0    00000004     MRobot_pem4f.oem4f (.const:ti_sysbios_family_arm_m3_Hwi_E_NMI__C)
                  0000bdd4    00000004     MRobot_pem4f.oem4f (.const:ti_sysbios_family_arm_m3_Hwi_E_alreadyDefined__C)
                  0000bdd8    00000004     MRobot_pem4f.oem4f (.const:ti_sysbios_family_arm_m3_Hwi_E_busFault__C)
                  0000bddc    00000004     MRobot_pem4f.oem4f (.const:ti_sysbios_family_arm_m3_Hwi_E_debugMon__C)
                  0000bde0    00000004     MRobot_pem4f.oem4f (.const:ti_sysbios_family_arm_m3_Hwi_E_hardFault__C)
                  0000bde4    00000004     MRobot_pem4f.oem4f (.const:ti_sysbios_family_arm_m3_Hwi_E_memFault__C)
                  0000bde8    00000004     MRobot_pem4f.oem4f (.const:ti_sysbios_family_arm_m3_Hwi_E_noIsr__C)
                  0000bdec    00000004     MRobot_pem4f.oem4f (.const:ti_sysbios_family_arm_m3_Hwi_E_reserved__C)
                  0000bdf0    00000004     MRobot_pem4f.oem4f (.const:ti_sysbios_family_arm_m3_Hwi_E_svCall__C)
                  0000bdf4    00000004     MRobot_pem4f.oem4f (.const:ti_sysbios_family_arm_m3_Hwi_E_usageFault__C)
                  0000bdf8    00000004     MRobot_pem4f.oem4f (.const:ti_sysbios_family_arm_m3_Hwi_NUM_INTERRUPTS__C)
                  0000bdfc    00000004     MRobot_pem4f.oem4f (.const:ti_sysbios_family_arm_m3_Hwi_Object__count__C)
                  0000be00    00000004     MRobot_pem4f.oem4f (.const:ti_sysbios_family_arm_m3_Hwi_ccr__C)
                  0000be04    00000004     MRobot_pem4f.oem4f (.const:ti_sysbios_family_arm_m3_Hwi_excHandlerFunc__C)
                  0000be08    00000004     MRobot_pem4f.oem4f (.const:ti_sysbios_family_arm_m3_Hwi_excHookFuncs__C)
                  0000be0c    00000004     MRobot_pem4f.oem4f (.const:ti_sysbios_family_arm_m3_Hwi_nullIsrFunc__C)
                  0000be10    00000004     MRobot_pem4f.oem4f (.const:ti_sysbios_family_arm_m3_Hwi_priGroup__C)
                  0000be14    00000004     MRobot_pem4f.oem4f (.const:ti_sysbios_family_arm_m3_TaskSupport_stackAlignment__C)
                  0000be18    00000004     MRobot_pem4f.oem4f (.const:ti_sysbios_family_arm_msp432_Timer_numTimerDevices__C)
                  0000be1c    00000004     MRobot_pem4f.oem4f (.const:ti_sysbios_family_arm_msp432_Timer_startupNeeded__C)
                  0000be20    00000004     MRobot_pem4f.oem4f (.const:ti_sysbios_gates_GateMutex_Instance_State_sem__O)
                  0000be24    00000004     MRobot_pem4f.oem4f (.const:ti_sysbios_hal_Hwi_E_stackOverflow__C)
                  0000be28    00000004     MRobot_pem4f.oem4f (.const:ti_sysbios_heaps_HeapMem_E_memory__C)
                  0000be2c    00000004     MRobot_pem4f.oem4f (.const:ti_sysbios_heaps_HeapMem_Module__gateObj__C)
                  0000be30    00000004     MRobot_pem4f.oem4f (.const:ti_sysbios_heaps_HeapMem_Object__count__C)
                  0000be34    00000004     MRobot_pem4f.oem4f (.const:ti_sysbios_heaps_HeapMem_reqAlign__C)
                  0000be38    00000004     MRobot_pem4f.oem4f (.const:ti_sysbios_heaps_HeapTrack_Instance_State_trackQueue__O)
                  0000be3c    00000004     MRobot_pem4f.oem4f (.const:ti_sysbios_knl_Clock_Module_State_clockQ__O)
                  0000be40    00000004     MRobot_pem4f.oem4f (.const:ti_sysbios_knl_Clock_tickPeriod__C)
                  0000be44    00000004     MRobot_pem4f.oem4f (.const:ti_sysbios_knl_Mailbox_Instance_State_dataQue__O)
                  0000be48    00000004     MRobot_pem4f.oem4f (.const:ti_sysbios_knl_Mailbox_Instance_State_dataSem__O)
                  0000be4c    00000004     MRobot_pem4f.oem4f (.const:ti_sysbios_knl_Mailbox_Instance_State_freeQue__O)
                  0000be50    00000004     MRobot_pem4f.oem4f (.const:ti_sysbios_knl_Mailbox_Instance_State_freeSem__O)
                  0000be54    00000004     MRobot_pem4f.oem4f (.const:ti_sysbios_knl_Mailbox_Object__count__C)
                  0000be58    00000004     MRobot_pem4f.oem4f (.const:ti_sysbios_knl_Mailbox_maxTypeAlign__C)
[...]
0000b744  _SlRxFilterGetCmdCtrl                                       
0000b748  _SlSmartConfigStartCmdCtrl                                  
0000b74c  _SlWlanSetModeCmdCtrl                                       
0000b750  _SlWlanCfgSetCmdCtrl                                        
0000b754  _SlWlanCfgGetCmdCtrl                                        
0000b764  ti_sysbios_knl_Task_Object__PARAMS__C                       
0000b7a0  _SlActionLookupTable                                        
0000b7d8  _SlSockSocketCmdCtrl                                        
0000b7dc  _SlSockCloseCmdCtrl                                         
0000b7e0  _SlRecvfomCmdCtrl                                           
0000b7e4  _SlSendCmdCtrl                                              
0000b7e8  _SlListenCmdCtrl                                            
0000b7ec  _SlAcceptCmdCtrl                                            
0000b7f0  _SlRecvCmdCtrl                                              
0000b7f4  _SlSetSockOptCmdCtrl                                        
0000b7f8  _SlGetSockOptCmdCtrl                                        
0000b7fc  _SlSelectCmdCtrl                                            
0000b80c  ti_sysbios_knl_Mailbox_Object__PARAMS__C                    
0000b840  spiMSP432DMAHWAttrs                                         
0000b870  ti_sysbios_family_arm_m3_Hwi_Object__PARAMS__C              
0000b8a0  UARTMSP432_fxnTable                                         
0000b8c8  _SlNetAppStartCtrl                                          
0000b8cc  _SlNetAppStopCtrl                                           
0000b8d0  _SlGetServiceListeCtrl                                      
0000b8d4  _SlRegisterServiceCtrl                                      
0000b8d8  _SlGetHostByServiceCtrl                                     
0000b8dc  _SlGetHostByNameCtrl                                        
0000b8e0  _SlNetAppSetCmdCtrl                                         
0000b8e4  _SlNetAppSendTokenValueCmdCtrl                              
0000b8e8  _SlNetAppGetCmdCtrl                                         
0000b8f0  SPIMSP432DMA_fxnTable                                       
0000b918  ti_sysbios_heaps_HeapMem_Module__FXNS__C                    
0000b940  ti_sysbios_heaps_HeapTrack_Module__FXNS__C                  
0000b968  SPI_config                                                  
0000b98c  UART_config                                                 
0000b9b0  UART_defaultParams                                          
0000b9d4  RxMsgClassLUT                                               
0000ba1c  ti_sysbios_gates_GateHwi_Module__FXNS__C                    
0000ba40  ti_sysbios_gates_GateMutex_Module__FXNS__C                  
0000ba64  ti_sysbios_heaps_HeapMem_Object__PARAMS__C                  
0000ba88  ti_sysbios_knl_Clock_Object__PARAMS__C                      
0000baac  ti_sysbios_knl_Semaphore_Object__PARAMS__C                  
0000bad0  xdc_runtime_Startup_sfxnTab__A                              
0000baf4  SPI_defaultParams                                           
0000bb14  ti_sysbios_family_arm_m3_Hwi_Object__DESC__C                
0000bb34  ti_sysbios_gates_GateHwi_Object__DESC__C                    
0000bb54  ti_sysbios_gates_GateMutex_Object__DESC__C                  
0000bb74  ti_sysbios_heaps_HeapMem_Object__DESC__C                    
0000bb94  ti_sysbios_heaps_HeapTrack_Object__DESC__C                  
0000bbb4  ti_sysbios_knl_Clock_Object__DESC__C                        
0000bbd4  ti_sysbios_knl_Mailbox_Object__DESC__C                      
0000bbf4  ti_sysbios_knl_Queue_Object__DESC__C                        
0000bc14  ti_sysbios_knl_Semaphore_Object__DESC__C                    
0000bc34  ti_sysbios_knl_Task_Object__DESC__C                         
0000bc54  ti_sysbios_heaps_HeapTrack_Object__PARAMS__C                
0000bc70  wiFiCC3100HWAttrs                                           
0000bc8c  WiFi_config                                                 
0000bca4  ti_sysbios_gates_GateHwi_Object__PARAMS__C                  
0000bcbc  ti_sysbios_gates_GateMutex_Object__PARAMS__C                
0000bcd4  ti_sysbios_knl_Queue_Object__PARAMS__C                      
0000bcec  GPIOMSP432_config                                           
0000bd00  _SlStopCmdCtrl                                              
0000bd04  _SlEventMaskSetCmdCtrl                                      
0000bd08  _SlEventMaskGetCmdCtrl                                      
0000bd0c  _SlDeviceGetCmdCtrl                                         
0000bd10  _SlDeviceSetCmdCtrl                                         
0000bd14  xdc_runtime_Startup_sfxnRts__A                              
0000bd26  _SlPayloadByProtocolLUT                                     
0000bd36  ti_sysbios_hal_Hwi_Module__id__C                            
0000bd38  PowerMSP432_config                                          
0000bd48  WiFiCC3100_fxnTable                                         
0000bd64  WiFi_defaultParams                                          
0000bd70  udmaMSP432HWAttrs                                           
0000bd7c  xdc_runtime_Startup_firstFxns__A                            
0000bd88  StartResponseLUT                                            
0000bd90  UDMAMSP432_config                                           
0000bd98  _SlNetCfgSetCmdCtrl                                         
0000bd9c  _SlNetCfgGetCmdCtrl                                         
0000bda0  ti_sysbios_family_arm_m3_Hwi_excHookFuncs__A                
0000bda8  ti_sysbios_knl_Idle_funcList__A                             
0000bdb0  ti_sysbios_knl_Idle_funcList__C                             
0000bdb8  xdc_runtime_Startup_firstFxns__C                            
0000bdc0  xdc_runtime_Startup_lastFxns__C                             
0000bdcd  xdc_runtime_Error_policy__C                                 
0000bdce  ti_sysbios_heaps_HeapMem_Module__id__C                      
0000bdd0  ti_sysbios_family_arm_m3_Hwi_E_NMI__C                       
0000bdd4  ti_sysbios_family_arm_m3_Hwi_E_alreadyDefined__C            
0000bdd8  ti_sysbios_family_arm_m3_Hwi_E_busFault__C                  
0000bddc  ti_sysbios_family_arm_m3_Hwi_E_debugMon__C                  
0000bde0  ti_sysbios_family_arm_m3_Hwi_E_hardFault__C                 
0000bde4  ti_sysbios_family_arm_m3_Hwi_E_memFault__C                  
0000bde8  ti_sysbios_family_arm_m3_Hwi_E_noIsr__C                     
0000bdec  ti_sysbios_family_arm_m3_Hwi_E_reserved__C                  
0000bdf0  ti_sysbios_family_arm_m3_Hwi_E_svCall__C                    
0000bdf4  ti_sysbios_family_arm_m3_Hwi_E_usageFault__C                
0000bdf8  ti_sysbios_family_arm_m3_Hwi_NUM_INTERRUPTS__C              
0000bdfc  ti_sysbios_family_arm_m3_Hwi_Object__count__C               
0000be00  ti_sysbios_family_arm_m3_Hwi_ccr__C                         
0000be04  ti_sysbios_family_arm_m3_Hwi_excHandlerFunc__C              
0000be08  ti_sysbios_family_arm_m3_Hwi_excHookFuncs__C                
0000be0c  ti_sysbios_family_arm_m3_Hwi_nullIsrFunc__C                 
0000be10  ti_sysbios_family_arm_m3_Hwi_priGroup__C                    
0000be14  ti_sysbios_family_arm_m3_TaskSupport_stackAlignment__C      
0000be18  ti_sysbios_family_arm_msp432_Timer_numTimerDevices__C       
0000be1c  ti_sysbios_family_arm_msp432_Timer_startupNeeded__C         
0000be20  ti_sysbios_gates_GateMutex_Instance_State_sem__O            
0000be24  ti_sysbios_hal_Hwi_E_stackOverflow__C                       
0000be28  ti_sysbios_heaps_HeapMem_E_memory__C                        
0000be2c  ti_sysbios_heaps_HeapMem_Module__gateObj__C                 
0000be30  ti_sysbios_heaps_HeapMem_Object__count__C                   
0000be34  ti_sysbios_heaps_HeapMem_reqAlign__C                        
0000be38  ti_sysbios_heaps_HeapTrack_Instance_State_trackQueue__O     
0000be3c  ti_sysbios_knl_Clock_Module_State_clockQ__O                 
0000be40  ti_sysbios_knl_Clock_tickPeriod__C                          
0000be44  ti_sysbios_knl_Mailbox_Instance_State_dataQue__O            
0000be48  ti_sysbios_knl_Mailbox_Instance_State_dataSem__O            
0000be4c  ti_sysbios_knl_Mailbox_Instance_State_freeQue__O            
0000be50  ti_sysbios_knl_Mailbox_Instance_State_freeSem__O            
0000be54  ti_sysbios_knl_Mailbox_Object__count__C                     
0000be58  ti_sysbios_knl_Mailbox_maxTypeAlign__C                      
0000be5c  ti_sysbios_knl_Semaphore_Instance_State_pendQ__O            
0000be60  ti_sysbios_knl_Swi_Object__count__C                         
0000be64  ti_sysbios_knl_Task_E_spOutOfBounds__C                      
0000be68  ti_sysbios_knl_Task_E_stackOverflow__C                      
0000be6c  ti_sysbios_knl_Task_Module_State_inactiveQ__O               
0000be70  ti_sysbios_knl_Task_Object__count__C                        
0000be74  ti_sysbios_knl_Task_allBlockedFunc__C                       
0000be78  ti_sysbios_knl_Task_defaultStackHeap__C                     
0000be7c  ti_sysbios_knl_Task_defaultStackSize__C                     
0000be80  ti_sysbios_knl_Task_numConstructedTasks__C                  
0000be84  xdc_runtime_Assert_E_assertFailed__C                        
0000be88  xdc_runtime_Core_A_initializedParams__C                     
0000be8c  xdc_runtime_Core_Module__diagsEnabled__C                    
0000be90  xdc_runtime_Core_Module__diagsIncluded__C                   
0000be94  xdc_runtime_Core_Module__diagsMask__C                       
0000be98  xdc_runtime_Error_E_memory__C                               
0000be9c  xdc_runtime_Error_Module__diagsEnabled__C                   
0000bea0  xdc_runtime_Error_Module__diagsIncluded__C                  
0000bea4  xdc_runtime_Error_Module__diagsMask__C                      
0000bea8  xdc_runtime_Error_Module__loggerFxn8__C                     
0000beac  xdc_runtime_Error_Module__loggerObj__C                      
0000beb0  xdc_runtime_Error_policyFxn__C                              
0000beb4  xdc_runtime_Error_raiseHook__C                              
0000beb8  xdc_runtime_IGateProvider_Interface__BASE__C                
0000bebc  xdc_runtime_IHeap_Interface__BASE__C                        
0000bec0  xdc_runtime_IModule_Interface__BASE__C                      
0000bec4  xdc_runtime_Log_L_error__C                                  
0000bec8  xdc_runtime_Memory_defaultHeapInstance__C                   
0000becc  xdc_runtime_Startup_execImpl__C                             
0000bed0  xdc_runtime_Startup_maxPasses__C                            
0000bed4  xdc_runtime_Startup_sfxnRts__C                              
0000bed8  xdc_runtime_Startup_sfxnTab__C                              
0000bedc  xdc_runtime_SysMin_bufSize__C                               
0000bee0  xdc_runtime_SysMin_outputFunc__C                            
0000bee4  xdc_runtime_System_Module__gateObj__C                       
0000bee8  xdc_runtime_System_abortFxn__C                              
0000beec  xdc_runtime_System_exitFxn__C                               
0000bef0  xdc_runtime_System_extendFxn__C                             
0000bef4  xdc_runtime_System_maxAtexitHandlers__C                     
0000bef8  xdc_runtime_Text_charTab__C                                 
0000befc  xdc_runtime_Text_nameEmpty__C                               
0000bf00  xdc_runtime_Text_nameStatic__C                              
0000bf04  xdc_runtime_Text_nameUnknown__C                             
0000bf08  xdc_runtime_Text_nodeTab__C                                 
0000bf0c  xdc_runtime_Text_visitRopeFxn__C                            
0000bf10  ti_sysbios_knl_Task_Module__id__C                           
0000bf12  xdc_runtime_Core_Module__id__C                              
0000bf14  xdc_runtime_Error_Module__loggerDefined__C                  
0000bf16  xdc_runtime_Error_maxDepth__C                               
0000bf18  xdc_runtime_Memory_Module__id__C                            
0000bf1a  xdc_runtime_SysMin_flushAtExit__C                           
0000bf1c  xdc_runtime_Text_charCnt__C                                 
0000bf1e  xdc_runtime_Text_isLoaded__C                                
0000bf20  xdc_runtime_Text_registryModsLastId__C                      
0000bf22  xdc_runtime_Text_unnamedModsLastId__C                       
0000bf28  __TI_static_base__                                          
0000c52c  __TI_Handler_Table_Base                                     
0000c534  __TI_CINIT_Base                                             
0000c534  __TI_Handler_Table_Limit                                    
0000c54c  __TI_CINIT_Limit                                            
20000000  ti_sysbios_family_arm_m3_Hwi_ramVectors                     
20000200  ti_sysbios_heaps_HeapMem_Instance_State_0_buf__A            
20004200  task0Stack                                                  
20006200  ti_sysbios_knl_Task_Instance_State_0_stack__A               
20006600  data                                                        
20006920  xdc_runtime_SysMin_Module_State_0_outbuf__A                 
20006b20  ti_sysbios_family_arm_m3_Hwi_dispatchTable                  
20006c60  __CIOBUF_                                                   
20006d80  uartMSP432Objects                                           
20006e80  spiMSP432DMAObjects                                         
20006ef0  G_STALL_REG                                                 
20006f80  task0Struct                                                 
20006fd0  uartMSP432RingBuffer                                        
20007040  wiFiCC3100Objects                                           
20007070  Detections                                                  
20007094  G_STATUS_REG                                                
200070b8  G_CTRL_REG                                                  
200070d8  G_DRIVE_REG                                                 
200070f4  dataBuffer                                                  
20007110  G_BLANK_REG                                                 
2000711c  G_DECAY_REG                                                 
20007128  G_OFF_REG                                                   
20007134  G_TORQUE_REG                                                
20007148  udmaMSP432Object                                            
20007150  SimpleLinkSpawnTaskHndl                                     
20007154  Temperature                                                 
20007158  TimeStamp                                                   
2000715c  simpleLink_mailbox                                          
20007160  NbDet                                                       
20007161  RxIrqCnt                                                    
20007364  PowerMSP432_perfLevels                                      
20007400  ti_sysbios_knl_Swi_Module_State_0_readyQ__A                 
20007480  ti_sysbios_knl_Task_Module_State_0_readyQ__A                
20007500  ti_sysbios_family_arm_msp432_Timer_Object__table__V         
2000754c  ti_sysbios_knl_Task_Object__table__V                        
20007598  ti_sysbios_knl_Task_Module__state__V                        
200075dc  ti_sysbios_gates_GateMutex_Object__table__V                 
20007614  ti_sysbios_family_arm_m3_Hwi_Module__state__V               
20007678  ti_sysbios_knl_Swi_Object__table__V                         
200076a8  ti_sysbios_knl_Clock_Module__state__V                       
200076d4  PowerMSP432_module                                          
200076fc  ti_sysbios_BIOS_Module__state__V                            
20007720  ti_sysbios_family_arm_msp432_Timer_Module_State_0_device__A 
20007740  ti_sysbios_heaps_HeapTrack_Object__table__V                 
20007760  gpioPinConfigs                                              
2000777c  ti_sysbios_knl_Swi_Module__state__V                         
20007798  g_H2NSyncPattern                                            
200077a0  g_H2NCnysPattern                                            
200077a8  g_pCB                                                       
200077ac  pPingCallBackFunc                                           
200077b0  gFirstCmdMode                                               
200077b1  deviceConnected                                             
200077b2  ipAcquired                                                  
200077b3  smartConfigFlag                                             
200077b4  ti_sysbios_family_arm_m3_Hwi_Object__table__V               
200077cc  ti_sysbios_heaps_HeapMem_Object__table__V                   
200077e4  ti_sysbios_family_arm_msp432_Timer_Module_State_0_handles__A
200077f4  __TI_cleanup_ptr                                            
200077f8  __TI_dtors_ptr                                              
200077fc  __TI_enable_exit_profile_output                             
20007800  ti_sysbios_family_arm_msp432_ClockFreqs_Module__state__V    
2000780c  ti_sysbios_family_arm_msp432_Timer_Module__state__V         
20007818  xdc_runtime_SysMin_Module__state__V                         
20007824  _lock                                                       
20007828  _unlock                                                     
20007834  gpioCallbackFunctions                                       
2000783c  ti_sysbios_family_arm_m3_Hwi_Module__root__V                
20007844  ti_sysbios_gates_GateHwi_Module__root__V                    
2000784c  ti_sysbios_gates_GateMutex_Module__root__V                  
20007854  ti_sysbios_heaps_HeapMem_Module__root__V                    
2000785c  ti_sysbios_heaps_HeapTrack_Module__root__V                  
20007864  ti_sysbios_knl_Clock_Module__root__V                        
2000786c  ti_sysbios_knl_Mailbox_Module__root__V                      
20007874  ti_sysbios_knl_Queue_Module__root__V                        
2000787c  ti_sysbios_knl_Semaphore_Module__root__V                    
20007884  ti_sysbios_knl_Task_Module__root__V                         
2000788c  xdc_runtime_Registry_Module__state__V                       
20007894  xdc_runtime_Startup_Module__state__V                        
2000789c  xdc_runtime_System_Module_State_0_atexitHandlers__A         
200078a4  xdc_runtime_System_Module__state__V                         
200078ac  CountDet                                                    
200078c0  main_func_sp                                                
200078c4  ti_sysbios_family_arm_m3_Hwi_Module_State_0_excContext__A   
200078c8  ti_sysbios_family_arm_m3_Hwi_Module_State_0_excStack__A     
200078cc  ti_sysbios_gates_GateHwi_Object__table__V                   
200078d0  ti_sysbios_knl_Task_Module_State_0_idleTask__A              
200078d4  xdc_runtime_Memory_Module__state__V                         
200078d8  ti_sysbios_family_arm_m3_Hwi_Module_State_0_excActive__A    
200078da  xdc_runtime_Error_Module__state__V                          
2000e000  __stack                                                     
20010000  __STACK_END                                                 
4000480c  WDTCTL_SYM                                                  
e000e000  ti_sysbios_family_arm_m3_Hwi_nvic                           
ffffffff  __TI_pprof_out_hndl                                         
ffffffff  __TI_prof_data_size                                         
ffffffff  __TI_prof_data_start                                        
ffffffff  __binit__                                                   
ffffffff  __c_args__                                                  
ffffffff  binit                                                       
UNDEFED   SHT$$INIT_ARRAY$$Base                                       
UNDEFED   SHT$$INIT_ARRAY$$Limit                                      

[921 symbols]
